Archive member included to satisfy reference by file (symbol)

/home/neo/ERTS/ERTS/gcc-arm-none-eabi/bin/../lib/gcc/arm-none-eabi/5.4.1/../../../../arm-none-eabi/lib/armv6-m/libc_nano.a(lib_a-exit.o)
                              /home/neo/ERTS/ERTS/gcc-arm-none-eabi/bin/../lib/gcc/arm-none-eabi/5.4.1/../../../../arm-none-eabi/lib/armv6-m/crt0.o (exit)
/home/neo/ERTS/ERTS/gcc-arm-none-eabi/bin/../lib/gcc/arm-none-eabi/5.4.1/../../../../arm-none-eabi/lib/armv6-m/libc_nano.a(lib_a-impure.o)
                              /home/neo/ERTS/ERTS/gcc-arm-none-eabi/bin/../lib/gcc/arm-none-eabi/5.4.1/../../../../arm-none-eabi/lib/armv6-m/libc_nano.a(lib_a-exit.o) (_global_impure_ptr)
/home/neo/ERTS/ERTS/gcc-arm-none-eabi/bin/../lib/gcc/arm-none-eabi/5.4.1/../../../../arm-none-eabi/lib/armv6-m/libc_nano.a(lib_a-init.o)
                              /home/neo/ERTS/ERTS/gcc-arm-none-eabi/bin/../lib/gcc/arm-none-eabi/5.4.1/../../../../arm-none-eabi/lib/armv6-m/crt0.o (__libc_init_array)
/home/neo/ERTS/ERTS/gcc-arm-none-eabi/bin/../lib/gcc/arm-none-eabi/5.4.1/../../../../arm-none-eabi/lib/armv6-m/libc_nano.a(lib_a-memset.o)
                              /home/neo/ERTS/ERTS/gcc-arm-none-eabi/bin/../lib/gcc/arm-none-eabi/5.4.1/../../../../arm-none-eabi/lib/armv6-m/crt0.o (memset)
/home/neo/ERTS/ERTS/gcc-arm-none-eabi/bin/../lib/gcc/arm-none-eabi/5.4.1/../../../../arm-none-eabi/lib/armv6-m/libnosys.a(_exit.o)
                              /home/neo/ERTS/ERTS/gcc-arm-none-eabi/bin/../lib/gcc/arm-none-eabi/5.4.1/../../../../arm-none-eabi/lib/armv6-m/libc_nano.a(lib_a-exit.o) (_exit)
/home/neo/ERTS/ERTS/gcc-arm-none-eabi/bin/../lib/gcc/arm-none-eabi/5.4.1/../../../../arm-none-eabi/lib/armv6-m/libm.a(lib_a-s_fabs.o)
                              _build/inv_mpu.o (fabs)
/home/neo/ERTS/ERTS/gcc-arm-none-eabi/bin/../lib/gcc/arm-none-eabi/5.4.1/../../../../arm-none-eabi/lib/armv6-m/libm.a(lib_a-w_asin.o)
                              _build/mpu_wrapper.o (asin)
/home/neo/ERTS/ERTS/gcc-arm-none-eabi/bin/../lib/gcc/arm-none-eabi/5.4.1/../../../../arm-none-eabi/lib/armv6-m/libm.a(lib_a-w_atan2.o)
                              _build/mpu_wrapper.o (atan2)
/home/neo/ERTS/ERTS/gcc-arm-none-eabi/bin/../lib/gcc/arm-none-eabi/5.4.1/../../../../arm-none-eabi/lib/armv6-m/libm.a(lib_a-e_asin.o)
                              /home/neo/ERTS/ERTS/gcc-arm-none-eabi/bin/../lib/gcc/arm-none-eabi/5.4.1/../../../../arm-none-eabi/lib/armv6-m/libm.a(lib_a-w_asin.o) (__ieee754_asin)
/home/neo/ERTS/ERTS/gcc-arm-none-eabi/bin/../lib/gcc/arm-none-eabi/5.4.1/../../../../arm-none-eabi/lib/armv6-m/libm.a(lib_a-e_atan2.o)
                              /home/neo/ERTS/ERTS/gcc-arm-none-eabi/bin/../lib/gcc/arm-none-eabi/5.4.1/../../../../arm-none-eabi/lib/armv6-m/libm.a(lib_a-w_atan2.o) (__ieee754_atan2)
/home/neo/ERTS/ERTS/gcc-arm-none-eabi/bin/../lib/gcc/arm-none-eabi/5.4.1/../../../../arm-none-eabi/lib/armv6-m/libm.a(lib_a-e_sqrt.o)
                              /home/neo/ERTS/ERTS/gcc-arm-none-eabi/bin/../lib/gcc/arm-none-eabi/5.4.1/../../../../arm-none-eabi/lib/armv6-m/libm.a(lib_a-e_asin.o) (__ieee754_sqrt)
/home/neo/ERTS/ERTS/gcc-arm-none-eabi/bin/../lib/gcc/arm-none-eabi/5.4.1/../../../../arm-none-eabi/lib/armv6-m/libm.a(lib_a-s_atan.o)
                              /home/neo/ERTS/ERTS/gcc-arm-none-eabi/bin/../lib/gcc/arm-none-eabi/5.4.1/../../../../arm-none-eabi/lib/armv6-m/libm.a(lib_a-e_atan2.o) (atan)
/home/neo/ERTS/ERTS/gcc-arm-none-eabi/bin/../lib/gcc/arm-none-eabi/5.4.1/../../../../arm-none-eabi/lib/armv6-m/libm.a(lib_a-s_lib_ver.o)
                              /home/neo/ERTS/ERTS/gcc-arm-none-eabi/bin/../lib/gcc/arm-none-eabi/5.4.1/../../../../arm-none-eabi/lib/armv6-m/libm.a(lib_a-w_asin.o) (__fdlib_version)
/home/neo/ERTS/ERTS/gcc-arm-none-eabi/bin/../lib/gcc/arm-none-eabi/5.4.1/../../../../arm-none-eabi/lib/armv6-m/libm.a(lib_a-s_matherr.o)
                              /home/neo/ERTS/ERTS/gcc-arm-none-eabi/bin/../lib/gcc/arm-none-eabi/5.4.1/../../../../arm-none-eabi/lib/armv6-m/libm.a(lib_a-w_asin.o) (matherr)
/home/neo/ERTS/ERTS/gcc-arm-none-eabi/bin/../lib/gcc/arm-none-eabi/5.4.1/../../../../arm-none-eabi/lib/armv6-m/libm.a(lib_a-s_nan.o)
                              /home/neo/ERTS/ERTS/gcc-arm-none-eabi/bin/../lib/gcc/arm-none-eabi/5.4.1/../../../../arm-none-eabi/lib/armv6-m/libm.a(lib_a-w_asin.o) (nan)
/home/neo/ERTS/ERTS/gcc-arm-none-eabi/bin/../lib/gcc/arm-none-eabi/5.4.1/armv6-m/libgcc.a(_udivsi3.o)
                              _build/inv_mpu.o (__aeabi_uidiv)
/home/neo/ERTS/ERTS/gcc-arm-none-eabi/bin/../lib/gcc/arm-none-eabi/5.4.1/armv6-m/libgcc.a(_divsi3.o)
                              _build/inv_mpu.o (__aeabi_idiv)
/home/neo/ERTS/ERTS/gcc-arm-none-eabi/bin/../lib/gcc/arm-none-eabi/5.4.1/armv6-m/libgcc.a(_dvmd_tls.o)
                              /home/neo/ERTS/ERTS/gcc-arm-none-eabi/bin/../lib/gcc/arm-none-eabi/5.4.1/armv6-m/libgcc.a(_udivsi3.o) (__aeabi_idiv0)
[...]
Memory Configuration

Name             Origin             Length             Attributes
FLASH            0x00018000         0x00028000         xr
RAM              0x20002000         0x00002000         xrw
*default*        0x00000000         0xffffffff

Linker script and memory map

LOAD /home/neo/ERTS/ERTS/gcc-arm-none-eabi/bin/../lib/gcc/arm-none-eabi/5.4.1/armv6-m/crti.o
LOAD /home/neo/ERTS/ERTS/gcc-arm-none-eabi/bin/../lib/gcc/arm-none-eabi/5.4.1/armv6-m/crtbegin.o
LOAD /home/neo/ERTS/ERTS/gcc-arm-none-eabi/bin/../lib/gcc/arm-none-eabi/5.4.1/../../../../arm-none-eabi/lib/armv6-m/crt0.o
LOAD /home/neo/ERTS/ERTS/gcc-arm-none-eabi/bin/../lib/gcc/arm-none-eabi/5.4.1/../../../../arm-none-eabi/lib/armv6-m/libc_nano.a
LOAD /home/neo/ERTS/ERTS/gcc-arm-none-eabi/bin/../lib/gcc/arm-none-eabi/5.4.1/../../../../arm-none-eabi/lib/armv6-m/libnosys.a
LOAD /home/neo/ERTS/ERTS/gcc-arm-none-eabi/bin/../lib/gcc/arm-none-eabi/5.4.1/../../../../arm-none-eabi/lib/armv6-m/libm.a
LOAD _build/system_nrf51.o
LOAD _build/nrf_delay.o
LOAD _build/in4073.o
LOAD _build/control.o
LOAD _build/gpio.o
LOAD _build/timers.o
LOAD _build/uart.o
LOAD _build/queue.o
LOAD _build/twi.o
LOAD _build/adc.o
LOAD _build/baro.o
LOAD _build/ble.o
LOAD _build/spi_flash.o
LOAD _build/inv_mpu.o
LOAD _build/inv_mpu_dmp_motion_driver.o
LOAD _build/ml.o
LOAD _build/mpu_wrapper.o
LOAD _build/app_error.o
LOAD _build/app_timer.o
LOAD _build/nrf_assert.o
LOAD _build/nrf_drv_common.o
LOAD _build/pstorage.o
LOAD _build/ble_advdata.o
LOAD _build/ble_advertising.o
LOAD _build/ble_conn_params.o
LOAD _build/ble_nus.o
LOAD _build/ble_srv_common.o
LOAD _build/softdevice_handler.o
LOAD _build/logging.o
LOAD _build/logging_protocol.o
LOAD _build/gcc_startup_nrf51.o
LOAD /home/neo/ERTS/ERTS/gcc-arm-none-eabi/bin/../lib/gcc/arm-none-eabi/5.4.1/../../../../arm-none-eabi/lib/armv6-m/libm.a
START GROUP
LOAD /home/neo/ERTS/ERTS/gcc-arm-none-eabi/bin/../lib/gcc/arm-none-eabi/5.4.1/armv6-m/libgcc.a
LOAD /home/neo/ERTS/ERTS/gcc-arm-none-eabi/bin/../lib/gcc/arm-none-eabi/5.4.1/../../../../arm-none-eabi/lib/armv6-m/libc_nano.a
END GROUP
START GROUP
LOAD /home/neo/ERTS/ERTS/gcc-arm-none-eabi/bin/../lib/gcc/arm-none-eabi/5.4.1/armv6-m/libgcc.a
LOAD /home/neo/ERTS/ERTS/gcc-arm-none-eabi/bin/../lib/gcc/arm-none-eabi/5.4.1/../../../../arm-none-eabi/lib/armv6-m/libc_nano.a
END GROUP
LOAD /home/neo/ERTS/ERTS/gcc-arm-none-eabi/bin/../lib/gcc/arm-none-eabi/5.4.1/armv6-m/crtend.o
LOAD /home/neo/ERTS/ERTS/gcc-arm-none-eabi/bin/../lib/gcc/arm-none-eabi/5.4.1/armv6-m/crtn.o
START GROUP
LOAD /home/neo/ERTS/ERTS/gcc-arm-none-eabi/bin/../lib/gcc/arm-none-eabi/5.4.1/armv6-m/libgcc.a
LOAD /home/neo/ERTS/ERTS/gcc-arm-none-eabi/bin/../lib/gcc/arm-none-eabi/5.4.1/../../../../arm-none-eabi/lib/armv6-m/libc.a
LOAD /home/neo/ERTS/ERTS/gcc-arm-none-eabi/bin/../lib/gcc/arm-none-eabi/5.4.1/../../../../arm-none-eabi/lib/armv6-m/libnosys.a
END GROUP

.fs_data_out    0x00000000        0x0
                [!provide]                PROVIDE (__start_fs_data, .)
 *(fs_data)
                [!provide]                PROVIDE (__stop_fs_data, .)

.text           0x00018000     0x9894
 *(.Vectors)
 .Vectors       0x00018000       0xc0 _build/gcc_startup_nrf51.o
                0x00018000                __Vectors
 *(.text*)
 .text          0x000180c0       0x60 /home/neo/ERTS/ERTS/gcc-arm-none-eabi/bin/../lib/gcc/arm-none-eabi/5.4.1/armv6-m/crtbegin.o
 .text          0x00018120       0x78 /home/neo/ERTS/ERTS/gcc-arm-none-eabi/bin/../lib/gcc/arm-none-eabi/5.4.1/../../../../arm-none-eabi/lib/armv6-m/crt0.o
                0x00018120                _mainCRTStartup
                0x00018120                _start
 .text.exit     0x00018198       0x2c /home/neo/ERTS/ERTS/gcc-arm-none-eabi/bin/../lib/gcc/arm-none-eabi/5.4.1/../../../../arm-none-eabi/lib/armv6-m/libc_nano.a(lib_a-exit.o)
                0x00018198                exit
 .text.__libc_init_array
                0x000181c4       0x4c /home/neo/ERTS/ERTS/gcc-arm-none-eabi/bin/../lib/gcc/arm-none-eabi/5.4.1/../../../../arm-none-eabi/lib/armv6-m/libc_nano.a(lib_a-init.o)
                0x000181c4                __libc_init_array
 .text.memset   0x00018210       0x10 /home/neo/ERTS/ERTS/gcc-arm-none-eabi/bin/../lib/gcc/arm-none-eabi/5.4.1/../../../../arm-none-eabi/lib/armv6-m/libc_nano.a(lib_a-memset.o)
                0x00018210                memset
 .text._exit    0x00018220        0x4 /home/neo/ERTS/ERTS/gcc-arm-none-eabi/bin/../lib/gcc/arm-none-eabi/5.4.1/../../../../arm-none-eabi/lib/armv6-m/libnosys.a(_exit.o)
                0x00018220                _exit
 .text.SystemInit
                0x00018224       0x94 _build/system_nrf51.o
                0x00018224                SystemInit
 .text.nrf_delay_ms
                0x000182b8       0x3c _build/nrf_delay.o
                0x000182b8                nrf_delay_ms
 .text.process_key
                0x000182f4       0xf0 _build/in4073.o
                0x000182f4                process_key
 .text.startup.main
                0x000183e4      0x238 _build/in4073.o
                0x000183e4                main
 .text.run_filters_and_control
                0x0001861c       0x4c _build/control.o
                0x0001861c                run_filters_and_control
 .text.gpio_init
                0x00018668       0x9c _build/gpio.o
                0x00018668                gpio_init
 .text.GPIOTE_IRQHandler
                0x00018704       0x20 _build/gpio.o
                0x00018704                GPIOTE_IRQHandler
 .text.check_sensor_int_flag
                0x00018724        0xc _build/gpio.o
                0x00018724                check_sensor_int_flag
 .text.clear_sensor_int_flag
                0x00018730        0xc _build/gpio.o
                0x00018730                clear_sensor_int_flag
 .text.timers_init
                0x0001873c       0xd0 _build/timers.o
                0x0001873c                timers_init
 .text.TIMER2_IRQHandler
                0x0001880c       0xa8 _build/timers.o
                0x0001880c                TIMER2_IRQHandler
 .text.TIMER1_IRQHandler
                0x000188b4       0x7c _build/timers.o
                0x000188b4                TIMER1_IRQHandler
 .text.get_time_us
                0x00018930       0x20 _build/timers.o
                0x00018930                get_time_us
 .text.check_timer_flag
                0x00018950        0xc _build/timers.o
                0x00018950                check_timer_flag
 .text.clear_timer_flag
                0x0001895c        0xc _build/timers.o
                0x0001895c                clear_timer_flag
 .text.uart_put
                0x00018968       0x44 _build/uart.o
                0x00018968                uart_put
 .text._write   0x000189ac       0x84 _build/uart.o
                0x000189ac                _write
 .text.UART0_IRQHandler
                0x00018a30       0x84 _build/uart.o
                0x00018a30                UART0_IRQHandler
 .text.uart_init
                0x00018ab4       0xa0 _build/uart.o
                0x00018ab4                uart_init
 .text.init_queue
                0x00018b54       0x14 _build/queue.o
                0x00018b54                init_queue
 .text.enqueue  0x00018b68       0x1c _build/queue.o
                0x00018b68                enqueue
 .text.dequeue  0x00018b84       0x1c _build/queue.o
                0x00018b84                dequeue
 .text.i2c_read
                0x00018ba0       0xc0 _build/twi.o
                0x00018ba0                i2c_read
 .text.i2c_write
                0x00018c60       0x70 _build/twi.o
                0x00018c60                i2c_write
 .text.SPI0_TWI0_IRQHandler
                0x00018cd0       0x6c _build/twi.o
                0x00018cd0                SPI0_TWI0_IRQHandler
 .text.twi_init
                0x00018d3c       0x84 _build/twi.o
                0x00018d3c                twi_init
 .text.adc_request_sample
                0x00018dc0       0x18 _build/adc.o
                0x00018dc0                adc_request_sample
 .text.ADC_IRQHandler
                0x00018dd8       0x24 _build/adc.o
                0x00018dd8                ADC_IRQHandler
 .text.adc_init
                0x00018dfc       0x3c _build/adc.o
                0x00018dfc                adc_init
 .text.read_baro
                0x00018e38      0x1a4 _build/baro.o
                0x00018e38                read_baro
 .text.baro_init
                0x00018fdc       0x34 _build/baro.o
                0x00018fdc                baro_init
 .text.flash_chip_erase
                0x00019010       0x9c _build/spi_flash.o
                0x00019010                flash_chip_erase
 .text.flash_write_bytes
                0x000190ac      0x248 _build/spi_flash.o
                0x000190ac                flash_write_bytes
 .text.flash_read_bytes
                0x000192f4       0xf0 _build/spi_flash.o
                0x000192f4                flash_read_bytes
 .text.spi_flash_init
                0x000193e4      0x274 _build/spi_flash.o
                0x000193e4                spi_flash_init
 .text.mpu_reset_fifo
                0x00019658      0x15c _build/inv_mpu.o
                0x00019658                mpu_reset_fifo
 .text.mpu_lp_accel_mode
                0x000197b4      0x1b8 _build/inv_mpu.o
                0x000197b4                mpu_lp_accel_mode
 .text.mpu_get_accel_fsr
                0x0001996c       0x4c _build/inv_mpu.o
                0x0001996c                mpu_get_accel_fsr
 .text.mpu_set_lpf
                0x000199b8       0x78 _build/inv_mpu.o
                0x000199b8                mpu_set_lpf
 .text.mpu_set_sample_rate
                0x00019a30      0x168 _build/inv_mpu.o
                0x00019a30                mpu_set_sample_rate
 .text.mpu_configure_fifo
                0x00019b98       0xd0 _build/inv_mpu.o
                0x00019b98                mpu_configure_fifo
 .text.mpu_set_sensors
                0x00019c68      0x140 _build/inv_mpu.o
                0x00019c68                mpu_set_sensors
 .text.mpu_init
                0x00019da8      0x1f4 _build/inv_mpu.o
                0x00019da8                mpu_init
 .text.mpu_read_fifo_stream
                0x00019f9c       0xb0 _build/inv_mpu.o
                0x00019f9c                mpu_read_fifo_stream
 .text.mpu_write_mem
                0x0001a04c       0x58 _build/inv_mpu.o
                0x0001a04c                mpu_write_mem
 .text.mpu_load_firmware
                0x0001a0a4      0x15c _build/inv_mpu.o
                0x0001a0a4                mpu_load_firmware
 .text.mpu_set_dmp_state
                0x0001a200      0x174 _build/inv_mpu.o
                0x0001a200                mpu_set_dmp_state
 .text.dmp_load_motion_driver_firmware
                0x0001a374       0x1c _build/inv_mpu_dmp_motion_driver.o
                0x0001a374                dmp_load_motion_driver_firmware
 .text.dmp_set_orientation
                0x0001a390      0x118 _build/inv_mpu_dmp_motion_driver.o
                0x0001a390                dmp_set_orientation
 .text.dmp_set_fifo_rate
                0x0001a4a8       0x64 _build/inv_mpu_dmp_motion_driver.o
                0x0001a4a8                dmp_set_fifo_rate
 .text.dmp_set_tap_thresh
                0x0001a50c      0x164 _build/inv_mpu_dmp_motion_driver.o
                0x0001a50c                dmp_set_tap_thresh
 .text.dmp_enable_feature
                0x0001a670      0x28c _build/inv_mpu_dmp_motion_driver.o
                0x0001a670                dmp_enable_feature
 .text.dmp_read_fifo
                0x0001a8fc      0x20c _build/inv_mpu_dmp_motion_driver.o
                0x0001a8fc                dmp_read_fifo
 .text.inv_orientation_matrix_to_scalar
                0x0001ab08      0x11c _build/ml.o
                0x0001ab08                inv_orientation_matrix_to_scalar
 .text.update_euler_from_quaternions
                0x0001ac24      0x198 _build/mpu_wrapper.o
                0x0001ac24                update_euler_from_quaternions
 .text.get_dmp_data
                0x0001adbc       0x84 _build/mpu_wrapper.o
                0x0001adbc                get_dmp_data
 .text.imu_init
                0x0001ae40      0x110 _build/mpu_wrapper.o
                0x0001ae40                imu_init
 .text.app_error_handler
                0x0001af50       0x40 _build/app_error.o
                0x0001af50                app_error_handler
 .text.rtc1_stop
                0x0001af90       0x78 _build/app_timer.o
 .text.RTC1_IRQHandler
                0x0001b008       0xe0 _build/app_timer.o
                0x0001b008                RTC1_IRQHandler
 .text.SWI0_IRQHandler
                0x0001b0e8      0x4cc _build/app_timer.o
                0x0001b0e8                SWI0_IRQHandler
 .text.sd_evt_get
                0x0001b5b4        0x4 _build/softdevice_handler.o
 .text.sd_ble_evt_get
                0x0001b5b8        0x4 _build/softdevice_handler.o
 .text.intern_softdevice_events_execute.part.0
                0x0001b5bc       0xec _build/softdevice_handler.o
 .text.SWI2_IRQHandler
                0x0001b6a8       0x34 _build/softdevice_handler.o
                0x0001b6a8                SWI2_IRQHandler
 .text.write_log
                0x0001b6dc       0x28 _build/logging.o
                0x0001b6dc                write_log
 .text.read_log
                0x0001b704      0x488 _build/logging.o
                0x0001b704                read_log
 .text.flash_data
                0x0001bb8c      0x104 _build/logging.o
                0x0001bb8c                flash_data
 .text.encode_log
                0x0001bc90       0x6c _build/logging_protocol.o
                0x0001bc90                encode_log
 .text.encode_ack
                0x0001bcfc       0x20 _build/logging_protocol.o
                0x0001bcfc                encode_ack
 .text          0x0001bd1c       0x54 _build/gcc_startup_nrf51.o
                0x0001bd1c                Reset_Handler
                0x0001bd64                NMI_Handler
                0x0001bd66                HardFault_Handler
                0x0001bd68                SVC_Handler
                0x0001bd6a                PendSV_Handler
                0x0001bd6c                SysTick_Handler
                0x0001bd6e                RTC0_IRQHandler
                0x0001bd6e                POWER_CLOCK_IRQHandler
                0x0001bd6e                RADIO_IRQHandler
                0x0001bd6e                LPCOMP_IRQHandler
                0x0001bd6e                SWI4_IRQHandler
                0x0001bd6e                TEMP_IRQHandler
                0x0001bd6e                QDEC_IRQHandler
                0x0001bd6e                SWI5_IRQHandler
                0x0001bd6e                TIMER0_IRQHandler
                0x0001bd6e                ECB_IRQHandler
                0x0001bd6e                Default_Handler
                0x0001bd6e                SWI3_IRQHandler
                0x0001bd6e                CCM_AAR_IRQHandler
                0x0001bd6e                WDT_IRQHandler
                0x0001bd6e                RNG_IRQHandler
                0x0001bd6e                SPI1_TWI1_IRQHandler
                0x0001bd6e                SWI1_IRQHandler
 .text.fabs     0x0001bd70        0x8 /home/neo/ERTS/ERTS/gcc-arm-none-eabi/bin/../lib/gcc/arm-none-eabi/5.4.1/../../../../arm-none-eabi/lib/armv6-m/libm.a(lib_a-s_fabs.o)
                0x0001bd70                fabs
 .text.asin     0x0001bd78       0xc4 /home/neo/ERTS/ERTS/gcc-arm-none-eabi/bin/../lib/gcc/arm-none-eabi/5.4.1/../../../../arm-none-eabi/lib/armv6-m/libm.a(lib_a-w_asin.o)
                0x0001bd78                asin
 .text.atan2    0x0001be3c        0x8 /home/neo/ERTS/ERTS/gcc-arm-none-eabi/bin/../lib/gcc/arm-none-eabi/5.4.1/../../../../arm-none-eabi/lib/armv6-m/libm.a(lib_a-w_atan2.o)
                0x0001be3c                atan2
 .text.__ieee754_asin
                0x0001be44      0x3cc /home/neo/ERTS/ERTS/gcc-arm-none-eabi/bin/../lib/gcc/arm-none-eabi/5.4.1/../../../../arm-none-eabi/lib/armv6-m/libm.a(lib_a-e_asin.o)
                0x0001be44                __ieee754_asin
 .text.__ieee754_atan2
                0x0001c210      0x178 /home/neo/ERTS/ERTS/gcc-arm-none-eabi/bin/../lib/gcc/arm-none-eabi/5.4.1/../../../../arm-none-eabi/lib/armv6-m/libm.a(lib_a-e_atan2.o)
                0x0001c210                __ieee754_atan2
 .text.__ieee754_sqrt
                0x0001c388      0x1ec /home/neo/ERTS/ERTS/gcc-arm-none-eabi/bin/../lib/gcc/arm-none-eabi/5.4.1/../../../../arm-none-eabi/lib/armv6-m/libm.a(lib_a-e_sqrt.o)
                0x0001c388                __ieee754_sqrt
 .text.atan     0x0001c574      0x33c /home/neo/ERTS/ERTS/gcc-arm-none-eabi/bin/../lib/gcc/arm-none-eabi/5.4.1/../../../../arm-none-eabi/lib/armv6-m/libm.a(lib_a-s_atan.o)
                0x0001c574                atan
 .text.matherr  0x0001c8b0        0x4 /home/neo/ERTS/ERTS/gcc-arm-none-eabi/bin/../lib/gcc/arm-none-eabi/5.4.1/../../../../arm-none-eabi/lib/armv6-m/libm.a(lib_a-s_matherr.o)
                0x0001c8b0                matherr
 .text.nan      0x0001c8b4        0xc /home/neo/ERTS/ERTS/gcc-arm-none-eabi/bin/../lib/gcc/arm-none-eabi/5.4.1/../../../../arm-none-eabi/lib/armv6-m/libm.a(lib_a-s_nan.o)
                0x0001c8b4                nan
 .text          0x0001c8c0      0x114 /home/neo/ERTS/ERTS/gcc-arm-none-eabi/bin/../lib/gcc/arm-none-eabi/5.4.1/armv6-m/libgcc.a(_udivsi3.o)
                0x0001c8c0                __udivsi3
                0x0001c8c0                __aeabi_uidiv
                0x0001c9cc                __aeabi_uidivmod
 .text          0x0001c9d4      0x1d4 /home/neo/ERTS/ERTS/gcc-arm-none-eabi/bin/../lib/gcc/arm-none-eabi/5.4.1/armv6-m/libgcc.a(_divsi3.o)
                0x0001c9d4                __aeabi_idiv
                0x0001c9d4                __divsi3
                0x0001cba0                __aeabi_idivmod
 .text          0x0001cba8        0x4 /home/neo/ERTS/ERTS/gcc-arm-none-eabi/bin/../lib/gcc/arm-none-eabi/5.4.1/armv6-m/libgcc.a(_dvmd_tls.o)
                0x0001cba8                __aeabi_ldiv0
                0x0001cba8                __aeabi_idiv0
 .text          0x0001cbac       0x7c /home/neo/ERTS/ERTS/gcc-arm-none-eabi/bin/../lib/gcc/arm-none-eabi/5.4.1/armv6-m/libgcc.a(_arm_cmpdf2.o)
                0x0001cbac                __aeabi_cdrcmple
                0x0001cbbc                __aeabi_cdcmple
                0x0001cbbc                __aeabi_cdcmpeq
                0x0001cbcc                __aeabi_dcmpeq
                0x0001cbd8                __aeabi_dcmplt
                0x0001cbec                __aeabi_dcmple
                0x0001cc00                __aeabi_dcmpgt
                0x0001cc14                __aeabi_dcmpge
 .text          0x0001cc28       0x74 /home/neo/ERTS/ERTS/gcc-arm-none-eabi/bin/../lib/gcc/arm-none-eabi/5.4.1/armv6-m/libgcc.a(_arm_cmpsf2.o)
                0x0001cc28                __aeabi_cfrcmple
                0x0001cc30                __aeabi_cfcmple
                0x0001cc30                __aeabi_cfcmpeq
                0x0001cc40                __aeabi_fcmpeq
                0x0001cc4c                __aeabi_fcmplt
                0x0001cc60                __aeabi_fcmple
                0x0001cc74                __aeabi_fcmpgt
                0x0001cc88                __aeabi_fcmpge
 .text          0x0001cc9c       0x58 /home/neo/ERTS/ERTS/gcc-arm-none-eabi/bin/../lib/gcc/arm-none-eabi/5.4.1/armv6-m/libgcc.a(_muldi3.o)
                0x0001cc9c                __aeabi_lmul
                0x0001cc9c                __muldi3
 .text          0x0001ccf4       0x30 /home/neo/ERTS/ERTS/gcc-arm-none-eabi/bin/../lib/gcc/arm-none-eabi/5.4.1/armv6-m/libgcc.a(_fixunssfsi.o)
                0x0001ccf4                __aeabi_f2uiz
                0x0001ccf4                __fixunssfsi
 .text          0x0001cd24      0x2ec /home/neo/ERTS/ERTS/gcc-arm-none-eabi/bin/../lib/gcc/arm-none-eabi/5.4.1/armv6-m/libgcc.a(addsf3.o)
                0x0001cd24                __aeabi_fadd
 .text          0x0001d010      0x234 /home/neo/ERTS/ERTS/gcc-arm-none-eabi/bin/../lib/gcc/arm-none-eabi/5.4.1/armv6-m/libgcc.a(divsf3.o)
                0x0001d010                __aeabi_fdiv
 .text          0x0001d244       0x50 /home/neo/ERTS/ERTS/gcc-arm-none-eabi/bin/../lib/gcc/arm-none-eabi/5.4.1/armv6-m/libgcc.a(eqsf2.o)
                0x0001d244                __nesf2
                0x0001d244                __eqsf2
 .text          0x0001d294       0x88 /home/neo/ERTS/ERTS/gcc-arm-none-eabi/bin/../lib/gcc/arm-none-eabi/5.4.1/armv6-m/libgcc.a(gesf2.o)
                0x0001d294                __gtsf2
                0x0001d294                __gesf2
 .text          0x0001d31c       0x88 /home/neo/ERTS/ERTS/gcc-arm-none-eabi/bin/../lib/gcc/arm-none-eabi/5.4.1/armv6-m/libgcc.a(lesf2.o)
                0x0001d31c                __lesf2
                0x0001d31c                __ltsf2
 .text          0x0001d3a4      0x228 /home/neo/ERTS/ERTS/gcc-arm-none-eabi/bin/../lib/gcc/arm-none-eabi/5.4.1/armv6-m/libgcc.a(mulsf3.o)
                0x0001d3a4                __aeabi_fmul
 .text          0x0001d5cc      0x30c /home/neo/ERTS/ERTS/gcc-arm-none-eabi/bin/../lib/gcc/arm-none-eabi/5.4.1/armv6-m/libgcc.a(subsf3.o)
                0x0001d5cc                __aeabi_fsub
 .text          0x0001d8d8       0x44 /home/neo/ERTS/ERTS/gcc-arm-none-eabi/bin/../lib/gcc/arm-none-eabi/5.4.1/armv6-m/libgcc.a(fixsfsi.o)
                0x0001d8d8                __aeabi_f2iz
 .text          0x0001d91c       0x90 /home/neo/ERTS/ERTS/gcc-arm-none-eabi/bin/../lib/gcc/arm-none-eabi/5.4.1/armv6-m/libgcc.a(floatsisf.o)
                0x0001d91c                __aeabi_i2f
 .text          0x0001d9ac       0x7c /home/neo/ERTS/ERTS/gcc-arm-none-eabi/bin/../lib/gcc/arm-none-eabi/5.4.1/armv6-m/libgcc.a(floatunsisf.o)
                0x0001d9ac                __aeabi_ui2f
 .text          0x0001da28      0x658 /home/neo/ERTS/ERTS/gcc-arm-none-eabi/bin/../lib/gcc/arm-none-eabi/5.4.1/armv6-m/libgcc.a(adddf3.o)
                0x0001da28                __aeabi_dadd
 .text          0x0001e080      0x62c /home/neo/ERTS/ERTS/gcc-arm-none-eabi/bin/../lib/gcc/arm-none-eabi/5.4.1/armv6-m/libgcc.a(divdf3.o)
                0x0001e080                __aeabi_ddiv
 .text          0x0001e6ac       0x80 /home/neo/ERTS/ERTS/gcc-arm-none-eabi/bin/../lib/gcc/arm-none-eabi/5.4.1/armv6-m/libgcc.a(eqdf2.o)
                0x0001e6ac                __eqdf2
                0x0001e6ac                __nedf2
 .text          0x0001e72c       0xc8 /home/neo/ERTS/ERTS/gcc-arm-none-eabi/bin/../lib/gcc/arm-none-eabi/5.4.1/armv6-m/libgcc.a(gedf2.o)
                0x0001e72c                __gtdf2
                0x0001e72c                __gedf2
 .text          0x0001e7f4       0xd4 /home/neo/ERTS/ERTS/gcc-arm-none-eabi/bin/../lib/gcc/arm-none-eabi/5.4.1/armv6-m/libgcc.a(ledf2.o)
                0x0001e7f4                __ltdf2
                0x0001e7f4                __ledf2
 .text          0x0001e8c8      0x4f4 /home/neo/ERTS/ERTS/gcc-arm-none-eabi/bin/../lib/gcc/arm-none-eabi/5.4.1/armv6-m/libgcc.a(muldf3.o)
                0x0001e8c8                __aeabi_dmul
 .text          0x0001edbc      0x6a8 /home/neo/ERTS/ERTS/gcc-arm-none-eabi/bin/../lib/gcc/arm-none-eabi/5.4.1/armv6-m/libgcc.a(subdf3.o)
                0x0001edbc                __aeabi_dsub
 .text          0x0001f464       0x40 /home/neo/ERTS/ERTS/gcc-arm-none-eabi/bin/../lib/gcc/arm-none-eabi/5.4.1/armv6-m/libgcc.a(unorddf2.o)
                0x0001f464                __aeabi_dcmpun
 .text          0x0001f4a4       0x6c /home/neo/ERTS/ERTS/gcc-arm-none-eabi/bin/../lib/gcc/arm-none-eabi/5.4.1/armv6-m/libgcc.a(fixdfsi.o)
                0x0001f4a4                __aeabi_d2iz
 .text          0x0001f510       0xa8 /home/neo/ERTS/ERTS/gcc-arm-none-eabi/bin/../lib/gcc/arm-none-eabi/5.4.1/armv6-m/libgcc.a(extendsfdf2.o)
                0x0001f510                __aeabi_f2d
 .text          0x0001f5b8       0x3c /home/neo/ERTS/ERTS/gcc-arm-none-eabi/bin/../lib/gcc/arm-none-eabi/5.4.1/armv6-m/libgcc.a(_clzsi2.o)
                0x0001f5b8                __clzsi2
 .text.__errno  0x0001f5f4        0xc /home/neo/ERTS/ERTS/gcc-arm-none-eabi/bin/../lib/gcc/arm-none-eabi/5.4.1/../../../../arm-none-eabi/lib/armv6-m/libc_nano.a(lib_a-errno.o)
                0x0001f5f4                __errno
 .text.memcmp   0x0001f600       0x1e /home/neo/ERTS/ERTS/gcc-arm-none-eabi/bin/../lib/gcc/arm-none-eabi/5.4.1/../../../../arm-none-eabi/lib/armv6-m/libc_nano.a(lib_a-memcmp.o)
                0x0001f600                memcmp
 .text.memcpy   0x0001f61e       0x12 /home/neo/ERTS/ERTS/gcc-arm-none-eabi/bin/../lib/gcc/arm-none-eabi/5.4.1/../../../../arm-none-eabi/lib/armv6-m/libc_nano.a(lib_a-memcpy-stub.o)
                0x0001f61e                memcpy
 .text.printf   0x0001f630       0x34 /home/neo/ERTS/ERTS/gcc-arm-none-eabi/bin/../lib/gcc/arm-none-eabi/5.4.1/../../../../arm-none-eabi/lib/armv6-m/libc_nano.a(lib_a-printf.o)
                0x0001f630                printf
                0x0001f630                iprintf
 .text._cleanup_r
                0x0001f664       0x10 /home/neo/ERTS/ERTS/gcc-arm-none-eabi/bin/../lib/gcc/arm-none-eabi/5.4.1/../../../../arm-none-eabi/lib/armv6-m/libc_nano.a(lib_a-findfp.o)
                0x0001f664                _cleanup_r
 .text.std.isra.0
                0x0001f674       0x48 /home/neo/ERTS/ERTS/gcc-arm-none-eabi/bin/../lib/gcc/arm-none-eabi/5.4.1/../../../../arm-none-eabi/lib/armv6-m/libc_nano.a(lib_a-findfp.o)
 .text.__sfmoreglue
                0x0001f6bc       0x2c /home/neo/ERTS/ERTS/gcc-arm-none-eabi/bin/../lib/gcc/arm-none-eabi/5.4.1/../../../../arm-none-eabi/lib/armv6-m/libc_nano.a(lib_a-findfp.o)
                0x0001f6bc                __sfmoreglue
 .text.__sinit  0x0001f6e8       0x68 /home/neo/ERTS/ERTS/gcc-arm-none-eabi/bin/../lib/gcc/arm-none-eabi/5.4.1/../../../../arm-none-eabi/lib/armv6-m/libc_nano.a(lib_a-findfp.o)
                0x0001f6e8                __sinit
 .text.__sfp    0x0001f750       0x7c /home/neo/ERTS/ERTS/gcc-arm-none-eabi/bin/../lib/gcc/arm-none-eabi/5.4.1/../../../../arm-none-eabi/lib/armv6-m/libc_nano.a(lib_a-findfp.o)
                0x0001f750                __sfp
 .text._fwalk_reent
                0x0001f7cc       0x42 /home/neo/ERTS/ERTS/gcc-arm-none-eabi/bin/../lib/gcc/arm-none-eabi/5.4.1/../../../../arm-none-eabi/lib/armv6-m/libc_nano.a(lib_a-fwalk.o)
                0x0001f7cc                _fwalk_reent
 *fill*         0x0001f80e        0x2 
 .text._malloc_r
                0x0001f810       0xc0 /home/neo/ERTS/ERTS/gcc-arm-none-eabi/bin/../lib/gcc/arm-none-eabi/5.4.1/../../../../arm-none-eabi/lib/armv6-m/libc_nano.a(lib_a-nano-mallocr.o)
                0x0001f810                _malloc_r
 .text.__sfputc_r
                0x0001f8d0       0x2a /home/neo/ERTS/ERTS/gcc-arm-none-eabi/bin/../lib/gcc/arm-none-eabi/5.4.1/../../../../arm-none-eabi/lib/armv6-m/libc_nano.a(lib_a-nano-vfprintf.o)
 .text.__sfputs_r
                0x0001f8fa       0x24 /home/neo/ERTS/ERTS/gcc-arm-none-eabi/bin/../lib/gcc/arm-none-eabi/5.4.1/../../../../arm-none-eabi/lib/armv6-m/libc_nano.a(lib_a-nano-vfprintf.o)
                0x0001f8fa                __sfputs_r
 *fill*         0x0001f91e        0x2 
 .text._vfprintf_r
                0x0001f920      0x238 /home/neo/ERTS/ERTS/gcc-arm-none-eabi/bin/../lib/gcc/arm-none-eabi/5.4.1/../../../../arm-none-eabi/lib/armv6-m/libc_nano.a(lib_a-nano-vfprintf.o)
                0x0001f920                _vfiprintf_r
                0x0001f920                _vfprintf_r
 .text._printf_common
                0x0001fb58       0xdc /home/neo/ERTS/ERTS/gcc-arm-none-eabi/bin/../lib/gcc/arm-none-eabi/5.4.1/../../../../arm-none-eabi/lib/armv6-m/libc_nano.a(lib_a-nano-vfprintf_i.o)
                0x0001fb58                _printf_common
 .text._printf_i
                0x0001fc34      0x244 /home/neo/ERTS/ERTS/gcc-arm-none-eabi/bin/../lib/gcc/arm-none-eabi/5.4.1/../../../../arm-none-eabi/lib/armv6-m/libc_nano.a(lib_a-nano-vfprintf_i.o)
                0x0001fc34                _printf_i
 .text._sbrk_r  0x0001fe78       0x24 /home/neo/ERTS/ERTS/gcc-arm-none-eabi/bin/../lib/gcc/arm-none-eabi/5.4.1/../../../../arm-none-eabi/lib/armv6-m/libc_nano.a(lib_a-sbrkr.o)
                0x0001fe78                _sbrk_r
 .text.__sread  0x0001fe9c       0x28 /home/neo/ERTS/ERTS/gcc-arm-none-eabi/bin/../lib/gcc/arm-none-eabi/5.4.1/../../../../arm-none-eabi/lib/armv6-m/libc_nano.a(lib_a-stdio.o)
                0x0001fe9c                __sread
 .text.__swrite
                0x0001fec4       0x38 /home/neo/ERTS/ERTS/gcc-arm-none-eabi/bin/../lib/gcc/arm-none-eabi/5.4.1/../../../../arm-none-eabi/lib/armv6-m/libc_nano.a(lib_a-stdio.o)
                0x0001fec4                __swrite
 .text.__sseek  0x0001fefc       0x2c /home/neo/ERTS/ERTS/gcc-arm-none-eabi/bin/../lib/gcc/arm-none-eabi/5.4.1/../../../../arm-none-eabi/lib/armv6-m/libc_nano.a(lib_a-stdio.o)
                0x0001fefc                __sseek
 .text.__sclose
                0x0001ff28        0xc /home/neo/ERTS/ERTS/gcc-arm-none-eabi/bin/../lib/gcc/arm-none-eabi/5.4.1/../../../../arm-none-eabi/lib/armv6-m/libc_nano.a(lib_a-stdio.o)
                0x0001ff28                __sclose
 .text.__swbuf_r
                0x0001ff34       0xb0 /home/neo/ERTS/ERTS/gcc-arm-none-eabi/bin/../lib/gcc/arm-none-eabi/5.4.1/../../../../arm-none-eabi/lib/armv6-m/libc_nano.a(lib_a-wbuf.o)
                0x0001ff34                __swbuf_r
 .text._write_r
                0x0001ffe4       0x28 /home/neo/ERTS/ERTS/gcc-arm-none-eabi/bin/../lib/gcc/arm-none-eabi/5.4.1/../../../../arm-none-eabi/lib/armv6-m/libc_nano.a(lib_a-writer.o)
                0x0001ffe4                _write_r
 .text.__swsetup_r
                0x0002000c       0xec /home/neo/ERTS/ERTS/gcc-arm-none-eabi/bin/../lib/gcc/arm-none-eabi/5.4.1/../../../../arm-none-eabi/lib/armv6-m/libc_nano.a(lib_a-wsetup.o)
                0x0002000c                __swsetup_r
 .text._close_r
                0x000200f8       0x24 /home/neo/ERTS/ERTS/gcc-arm-none-eabi/bin/../lib/gcc/arm-none-eabi/5.4.1/../../../../arm-none-eabi/lib/armv6-m/libc_nano.a(lib_a-closer.o)
                0x000200f8                _close_r
 .text.__sflush_r
                0x0002011c      0x10c /home/neo/ERTS/ERTS/gcc-arm-none-eabi/bin/../lib/gcc/arm-none-eabi/5.4.1/../../../../arm-none-eabi/lib/armv6-m/libc_nano.a(lib_a-fflush.o)
                0x0002011c                __sflush_r
 .text._fflush_r
                0x00020228       0x58 /home/neo/ERTS/ERTS/gcc-arm-none-eabi/bin/../lib/gcc/arm-none-eabi/5.4.1/../../../../arm-none-eabi/lib/armv6-m/libc_nano.a(lib_a-fflush.o)
                0x00020228                _fflush_r
 .text._lseek_r
                0x00020280       0x28 /home/neo/ERTS/ERTS/gcc-arm-none-eabi/bin/../lib/gcc/arm-none-eabi/5.4.1/../../../../arm-none-eabi/lib/armv6-m/libc_nano.a(lib_a-lseekr.o)
                0x00020280                _lseek_r
 .text.__swhatbuf_r
                0x000202a8       0x4c /home/neo/ERTS/ERTS/gcc-arm-none-eabi/bin/../lib/gcc/arm-none-eabi/5.4.1/../../../../arm-none-eabi/lib/armv6-m/libc_nano.a(lib_a-makebuf.o)
                0x000202a8                __swhatbuf_r
 .text.__smakebuf_r
                0x000202f4       0x7c /home/neo/ERTS/ERTS/gcc-arm-none-eabi/bin/../lib/gcc/arm-none-eabi/5.4.1/../../../../arm-none-eabi/lib/armv6-m/libc_nano.a(lib_a-makebuf.o)
                0x000202f4                __smakebuf_r
 .text.memchr   0x00020370       0x16 /home/neo/ERTS/ERTS/gcc-arm-none-eabi/bin/../lib/gcc/arm-none-eabi/5.4.1/../../../../arm-none-eabi/lib/armv6-m/libc_nano.a(lib_a-memchr-stub.o)
                0x00020370                memchr
 .text.__malloc_lock
                0x00020386        0x2 /home/neo/ERTS/ERTS/gcc-arm-none-eabi/bin/../lib/gcc/arm-none-eabi/5.4.1/../../../../arm-none-eabi/lib/armv6-m/libc_nano.a(lib_a-mlock.o)
                0x00020386                __malloc_lock
 .text.__malloc_unlock
                0x00020388        0x2 /home/neo/ERTS/ERTS/gcc-arm-none-eabi/bin/../lib/gcc/arm-none-eabi/5.4.1/../../../../arm-none-eabi/lib/armv6-m/libc_nano.a(lib_a-mlock.o)
                0x00020388                __malloc_unlock
 *fill*         0x0002038a        0x2 
 .text._free_r  0x0002038c       0x98 /home/neo/ERTS/ERTS/gcc-arm-none-eabi/bin/../lib/gcc/arm-none-eabi/5.4.1/../../../../arm-none-eabi/lib/armv6-m/libc_nano.a(lib_a-nano-freer.o)
                0x0002038c                _free_r
 .text._read_r  0x00020424       0x28 /home/neo/ERTS/ERTS/gcc-arm-none-eabi/bin/../lib/gcc/arm-none-eabi/5.4.1/../../../../arm-none-eabi/lib/armv6-m/libc_nano.a(lib_a-readr.o)
                0x00020424                _read_r
 .text._fstat_r
                0x0002044c       0x24 /home/neo/ERTS/ERTS/gcc-arm-none-eabi/bin/../lib/gcc/arm-none-eabi/5.4.1/../../../../arm-none-eabi/lib/armv6-m/libc_nano.a(lib_a-fstatr.o)
                0x0002044c                _fstat_r
 .text._isatty_r
                0x00020470       0x24 /home/neo/ERTS/ERTS/gcc-arm-none-eabi/bin/../lib/gcc/arm-none-eabi/5.4.1/../../../../arm-none-eabi/lib/armv6-m/libc_nano.a(lib_a-isattyr.o)
                0x00020470                _isatty_r
 .text._close   0x00020494       0x10 /home/neo/ERTS/ERTS/gcc-arm-none-eabi/bin/../lib/gcc/arm-none-eabi/5.4.1/../../../../arm-none-eabi/lib/armv6-m/libnosys.a(close.o)
                0x00020494                _close
 .text._fstat   0x000204a4       0x10 /home/neo/ERTS/ERTS/gcc-arm-none-eabi/bin/../lib/gcc/arm-none-eabi/5.4.1/../../../../arm-none-eabi/lib/armv6-m/libnosys.a(fstat.o)
                0x000204a4                _fstat
 .text._isatty  0x000204b4       0x10 /home/neo/ERTS/ERTS/gcc-arm-none-eabi/bin/../lib/gcc/arm-none-eabi/5.4.1/../../../../arm-none-eabi/lib/armv6-m/libnosys.a(isatty.o)
                0x000204b4                _isatty
 .text._lseek   0x000204c4       0x10 /home/neo/ERTS/ERTS/gcc-arm-none-eabi/bin/../lib/gcc/arm-none-eabi/5.4.1/../../../../arm-none-eabi/lib/armv6-m/libnosys.a(lseek.o)
                0x000204c4                _lseek
 .text._read    0x000204d4       0x10 /home/neo/ERTS/ERTS/gcc-arm-none-eabi/bin/../lib/gcc/arm-none-eabi/5.4.1/../../../../arm-none-eabi/lib/armv6-m/libnosys.a(read.o)
                0x000204d4                _read
 .text._sbrk    0x000204e4       0x1c /home/neo/ERTS/ERTS/gcc-arm-none-eabi/bin/../lib/gcc/arm-none-eabi/5.4.1/../../../../arm-none-eabi/lib/armv6-m/libnosys.a(sbrk.o)
                0x000204e4                _sbrk
 *(.init)
 .init          0x00020500        0x4 /home/neo/ERTS/ERTS/gcc-arm-none-eabi/bin/../lib/gcc/arm-none-eabi/5.4.1/armv6-m/crti.o
                0x00020500                _init
 .init          0x00020504        0x8 /home/neo/ERTS/ERTS/gcc-arm-none-eabi/bin/../lib/gcc/arm-none-eabi/5.4.1/armv6-m/crtn.o
 *(.fini)
 .fini          0x0002050c        0x4 /home/neo/ERTS/ERTS/gcc-arm-none-eabi/bin/../lib/gcc/arm-none-eabi/5.4.1/armv6-m/crti.o
                0x0002050c                _fini
 .fini          0x00020510        0x8 /home/neo/ERTS/ERTS/gcc-arm-none-eabi/bin/../lib/gcc/arm-none-eabi/5.4.1/armv6-m/crtn.o
 *crtbegin.o(.ctors)
 *crtbegin?.o(.ctors)
 *(EXCLUDE_FILE(*crtend.o *crtend?.o) .ctors)
 *(SORT(.ctors.*))
 *(.ctors)
 *crtbegin.o(.dtors)
 *crtbegin?.o(.dtors)
 *(EXCLUDE_FILE(*crtend.o *crtend?.o) .dtors)
 *(SORT(.dtors.*))
 *(.dtors)
 *(.rodata*)
 .rodata.str1.1
                0x00020518        0x2 /home/neo/ERTS/ERTS/gcc-arm-none-eabi/bin/../lib/gcc/arm-none-eabi/5.4.1/../../../../arm-none-eabi/lib/armv6-m/libc_nano.a(lib_a-impure.o)
 *fill*         0x0002051a        0x2 
 .rodata._global_impure_ptr
                0x0002051c        0x4 /home/neo/ERTS/ERTS/gcc-arm-none-eabi/bin/../lib/gcc/arm-none-eabi/5.4.1/../../../../arm-none-eabi/lib/armv6-m/libc_nano.a(lib_a-impure.o)
                0x0002051c                _global_impure_ptr
 .rodata.process_key
                0x00020520      0x174 _build/in4073.o
 .rodata.str1.4
                0x00020694       0xba _build/in4073.o
 *fill*         0x0002074e        0x2 
 .rodata.str1.4
                0x00020750       0x11 _build/uart.o
 *fill*         0x00020761        0x3 
 .rodata.str1.4
                0x00020764       0x28 _build/twi.o
 .rodata.test   0x0002078c       0x28 _build/inv_mpu.o
                0x0002078c                test
 .rodata.str1.4
                0x000207b4       0xa6 _build/inv_mpu.o
 *fill*         0x0002085a        0x2 
 .rodata.hw     0x0002085c        0xc _build/inv_mpu.o
                0x0002085c                hw
 .rodata.reg    0x00020868       0x1e _build/inv_mpu.o
                0x00020868                reg
 *fill*         0x00020886        0x2 
 .rodata        0x00020888       0x4b _build/inv_mpu_dmp_motion_driver.o
 *fill*         0x000208d3        0x1 
 .rodata.dmp_memory
                0x000208d4      0xbf6 _build/inv_mpu_dmp_motion_driver.o
 *fill*         0x000214ca        0x2 
 .rodata.str1.4
                0x000214cc      0x126 _build/mpu_wrapper.o
 *fill*         0x000215f2        0x2 
 .rodata.str1.4
                0x000215f4       0x27 _build/app_error.o
 *fill*         0x0002161b        0x1 
 .rodata.str1.4
                0x0002161c        0x5 _build/logging.o
 *fill*         0x00021621        0x3 
 .rodata.CSWTCH.3
                0x00021624       0x4d _build/logging_protocol.o
 *fill*         0x00021671        0x3 
 .rodata.str1.4
                0x00021674        0x8 /home/neo/ERTS/ERTS/gcc-arm-none-eabi/bin/../lib/gcc/arm-none-eabi/5.4.1/../../../../arm-none-eabi/lib/armv6-m/libm.a(lib_a-w_asin.o)
                                  0x9 (size before relaxing)
 *fill*         0x0002167c        0x4 
 .rodata.atanlo
                0x00021680       0x20 /home/neo/ERTS/ERTS/gcc-arm-none-eabi/bin/../lib/gcc/arm-none-eabi/5.4.1/../../../../arm-none-eabi/lib/armv6-m/libm.a(lib_a-s_atan.o)
 .rodata.atanhi
                0x000216a0       0x20 /home/neo/ERTS/ERTS/gcc-arm-none-eabi/bin/../lib/gcc/arm-none-eabi/5.4.1/../../../../arm-none-eabi/lib/armv6-m/libm.a(lib_a-s_atan.o)
 .rodata        0x000216c0       0x80 /home/neo/ERTS/ERTS/gcc-arm-none-eabi/bin/../lib/gcc/arm-none-eabi/5.4.1/armv6-m/libgcc.a(divsf3.o)
 .rodata        0x00021740       0x40 /home/neo/ERTS/ERTS/gcc-arm-none-eabi/bin/../lib/gcc/arm-none-eabi/5.4.1/armv6-m/libgcc.a(mulsf3.o)
 .rodata        0x00021780       0x40 /home/neo/ERTS/ERTS/gcc-arm-none-eabi/bin/../lib/gcc/arm-none-eabi/5.4.1/armv6-m/libgcc.a(divdf3.o)
 .rodata        0x000217c0       0x40 /home/neo/ERTS/ERTS/gcc-arm-none-eabi/bin/../lib/gcc/arm-none-eabi/5.4.1/armv6-m/libgcc.a(muldf3.o)
 .rodata.__sf_fake_stdin
                0x00021800       0x20 /home/neo/ERTS/ERTS/gcc-arm-none-eabi/bin/../lib/gcc/arm-none-eabi/5.4.1/../../../../arm-none-eabi/lib/armv6-m/libc_nano.a(lib_a-findfp.o)
                0x00021800                __sf_fake_stdin
 .rodata.__sf_fake_stdout
                0x00021820       0x20 /home/neo/ERTS/ERTS/gcc-arm-none-eabi/bin/../lib/gcc/arm-none-eabi/5.4.1/../../../../arm-none-eabi/lib/armv6-m/libc_nano.a(lib_a-findfp.o)
                0x00021820                __sf_fake_stdout
 .rodata.__sf_fake_stderr
                0x00021840       0x20 /home/neo/ERTS/ERTS/gcc-arm-none-eabi/bin/../lib/gcc/arm-none-eabi/5.4.1/../../../../arm-none-eabi/lib/armv6-m/libc_nano.a(lib_a-findfp.o)
                0x00021840                __sf_fake_stderr
 .rodata.str1.1
                0x00021860       0x11 /home/neo/ERTS/ERTS/gcc-arm-none-eabi/bin/../lib/gcc/arm-none-eabi/5.4.1/../../../../arm-none-eabi/lib/armv6-m/libc_nano.a(lib_a-nano-vfprintf.o)
 .rodata.str1.1
                0x00021871       0x22 /home/neo/ERTS/ERTS/gcc-arm-none-eabi/bin/../lib/gcc/arm-none-eabi/5.4.1/../../../../arm-none-eabi/lib/armv6-m/libc_nano.a(lib_a-nano-vfprintf_i.o)
 *(.eh_frame*)
 *fill*         0x00021893        0x1 
 .eh_frame      0x00021894        0x0 /home/neo/ERTS/ERTS/gcc-arm-none-eabi/bin/../lib/gcc/arm-none-eabi/5.4.1/armv6-m/crtbegin.o
                0x00021894                . = ALIGN (0x4)

.glue_7         0x00021894        0x0
 .glue_7        0x00021894        0x0 linker stubs

.glue_7t        0x00021894        0x0
 .glue_7t       0x00021894        0x0 linker stubs

.vfp11_veneer   0x00021894        0x0
 .vfp11_veneer  0x00021894        0x0 linker stubs

.v4_bx          0x00021894        0x0
 .v4_bx         0x00021894        0x0 linker stubs

.iplt           0x00021894        0x0
 .iplt          0x00021894        0x0 /home/neo/ERTS/ERTS/gcc-arm-none-eabi/bin/../lib/gcc/arm-none-eabi/5.4.1/armv6-m/crtbegin.o

.ARM.extab      0x00021894        0x0
 *(.ARM.extab* .gnu.linkonce.armextab.*)
                0x00021894                . = ALIGN (0x4)
                0x00021894                __exidx_start = .

.ARM.exidx      0x00021894        0x8
 *(.ARM.exidx* .gnu.linkonce.armexidx.*)
 .ARM.exidx     0x00021894        0x8 /home/neo/ERTS/ERTS/gcc-arm-none-eabi/bin/../lib/gcc/arm-none-eabi/5.4.1/../../../../arm-none-eabi/lib/armv6-m/crt0.o
 .ARM.exidx     0x0002189c        0x0 _build/gcc_startup_nrf51.o
                                  0x8 (size before relaxing)
                0x0002189c                . = ALIGN (0x4)
                0x0002189c                __exidx_end = .
                0x0002189c                __etext = .

.rel.dyn        0x0002189c        0x0
 .rel.iplt      0x0002189c        0x0 /home/neo/ERTS/ERTS/gcc-arm-none-eabi/bin/../lib/gcc/arm-none-eabi/5.4.1/armv6-m/crtbegin.o

.data           0x20002000       0xa8 load address 0x0002189c
                0x20002000                __data_start__ = .
 *(vtable)
 *(.data*)
 .data.impure_data
                0x20002000       0x60 /home/neo/ERTS/ERTS/gcc-arm-none-eabi/bin/../lib/gcc/arm-none-eabi/5.4.1/../../../../arm-none-eabi/lib/armv6-m/libc_nano.a(lib_a-impure.o)
 .data._impure_ptr
                0x20002060        0x4 /home/neo/ERTS/ERTS/gcc-arm-none-eabi/bin/../lib/gcc/arm-none-eabi/5.4.1/../../../../arm-none-eabi/lib/armv6-m/libc_nano.a(lib_a-impure.o)
                0x20002060                _impure_ptr
 .data.txd_available
                0x20002064        0x1 _build/uart.o
                0x20002064                txd_available
 *fill*         0x20002065        0x3 
 .data.st       0x20002068       0x2c _build/inv_mpu.o
 .data.gyro_orientation.6672
                0x20002094        0x9 _build/mpu_wrapper.o
 .data.__fdlib_version
                0x2000209d        0x1 /home/neo/ERTS/ERTS/gcc-arm-none-eabi/bin/../lib/gcc/arm-none-eabi/5.4.1/../../../../arm-none-eabi/lib/armv6-m/libm.a(lib_a-s_lib_ver.o)
                0x2000209d                __fdlib_version
                0x200020a0                . = ALIGN (0x4)
 *fill*         0x2000209e        0x2 
                0x200020a0                PROVIDE (__preinit_array_start, .)
 *(.preinit_array)
                0x200020a0                PROVIDE (__preinit_array_end, .)
                0x200020a0                . = ALIGN (0x4)
                0x200020a0                PROVIDE (__init_array_start, .)
 *(SORT(.init_array.*))
 *(.init_array)
 .init_array    0x200020a0        0x4 /home/neo/ERTS/ERTS/gcc-arm-none-eabi/bin/../lib/gcc/arm-none-eabi/5.4.1/armv6-m/crtbegin.o
                0x200020a4                PROVIDE (__init_array_end, .)
                0x200020a4                . = ALIGN (0x4)
                [!provide]                PROVIDE (__fini_array_start, .)
 *(SORT(.fini_array.*))
 *(.fini_array)
 .fini_array    0x200020a4        0x4 /home/neo/ERTS/ERTS/gcc-arm-none-eabi/bin/../lib/gcc/arm-none-eabi/5.4.1/armv6-m/crtbegin.o
                [!provide]                PROVIDE (__fini_array_end, .)
 *(.jcr)
 .jcr           0x200020a8        0x0 /home/neo/ERTS/ERTS/gcc-arm-none-eabi/bin/../lib/gcc/arm-none-eabi/5.4.1/armv6-m/crtbegin.o
                0x200020a8                . = ALIGN (0x4)
                0x200020a8                __data_end__ = .

.igot.plt       0x200020a8        0x0 load address 0x00021944
 .igot.plt      0x200020a8        0x0 /home/neo/ERTS/ERTS/gcc-arm-none-eabi/bin/../lib/gcc/arm-none-eabi/5.4.1/armv6-m/crtbegin.o

.bss            0x200020a8      0x450 load address 0x00021944
                0x200020a8                . = ALIGN (0x4)
                0x200020a8                __bss_start__ = .
 *(.bss*)
 .bss           0x200020a8       0x1c /home/neo/ERTS/ERTS/gcc-arm-none-eabi/bin/../lib/gcc/arm-none-eabi/5.4.1/armv6-m/crtbegin.o
 .bss.sensor_int_flag
                0x200020c4        0x1 _build/gpio.o
 .bss.TIMER2_flag
                0x200020c5        0x1 _build/timers.o
 *fill*         0x200020c6        0x2 
 .bss.global_time
                0x200020c8        0x4 _build/timers.o
 .bss.sent      0x200020cc        0x1 _build/twi.o
 .bss.read      0x200020cd        0x1 _build/twi.o
 .bss.loop_count
                0x200020ce        0x1 _build/baro.o
 *fill*         0x200020cf        0x1 
 .bss.prom      0x200020d0       0x10 _build/baro.o
 .bss.data      0x200020e0        0x3 _build/baro.o
 *fill*         0x200020e3        0x1 
 .bss.data.6664
                0x200020e4        0x2 _build/baro.o
 *fill*         0x200020e6        0x2 
 .bss.initTime  0x200020e8        0x4 _build/baro.o
                0x200020e8                initTime
 .bss.spi_config_table
                0x200020ec        0xc _build/spi_flash.o
 .bss.SPI       0x200020f8        0x4 _build/spi_flash.o
 .bss.dmp       0x200020fc       0x10 _build/inv_mpu_dmp_motion_driver.o
 .bss.m_ticks_latest
                0x2000210c        0x4 _build/app_timer.o
 .bss.mp_timer_id_head
                0x20002110        0x4 _build/app_timer.o
 .bss.m_evt_schedule_func
                0x20002114        0x4 _build/app_timer.o
 .bss.m_user_array_size
                0x20002118        0x1 _build/app_timer.o
 *fill*         0x20002119        0x3 
 .bss.mp_users  0x2000211c        0x4 _build/app_timer.o
 .bss.m_ticks_elapsed_q_read_ind
                0x20002120        0x1 _build/app_timer.o
 .bss.m_ticks_elapsed_q_write_ind
                0x20002121        0x1 _build/app_timer.o
 .bss.m_rtc1_reset
                0x20002122        0x1 _build/app_timer.o
 *fill*         0x20002123        0x1 
 .bss.m_ticks_elapsed
                0x20002124        0x8 _build/app_timer.o
 .bss.m_rtc1_running
                0x2000212c        0x1 _build/app_timer.o
 .bss.m_softdevice_enabled
                0x2000212d        0x1 _build/softdevice_handler.o
 .bss.m_ble_evt_buffer_size
                0x2000212e        0x2 _build/softdevice_handler.o
 .bss.mp_ble_evt_buffer
                0x20002130        0x4 _build/softdevice_handler.o
 .bss.m_sys_evt_handler
                0x20002134        0x4 _build/softdevice_handler.o
 .bss.m_ble_evt_handler
                0x20002138        0x4 _build/softdevice_handler.o
 .bss.m_evt_schedule_func
                0x2000213c        0x4 _build/softdevice_handler.o
 .bss.__malloc_sbrk_start
                0x20002140        0x4 /home/neo/ERTS/ERTS/gcc-arm-none-eabi/bin/../lib/gcc/arm-none-eabi/5.4.1/../../../../arm-none-eabi/lib/armv6-m/libc_nano.a(lib_a-nano-mallocr.o)
                0x20002140                __malloc_sbrk_start
 .bss.__malloc_free_list
                0x20002144        0x4 /home/neo/ERTS/ERTS/gcc-arm-none-eabi/bin/../lib/gcc/arm-none-eabi/5.4.1/../../../../arm-none-eabi/lib/armv6-m/libc_nano.a(lib_a-nano-mallocr.o)
                0x20002144                __malloc_free_list
 .bss.heap_end.4167
                0x20002148        0x4 /home/neo/ERTS/ERTS/gcc-arm-none-eabi/bin/../lib/gcc/arm-none-eabi/5.4.1/../../../../arm-none-eabi/lib/armv6-m/libnosys.a(sbrk.o)
 *(COMMON)
 COMMON         0x2000214c      0x39d _build/in4073.o
                0x2000214c                say
                0x2000214e                MSG_bat_volt
                0x20002150                MSG_phi
                0x20002152                MSG_sp
                0x20002154                psi
                0x20002156                sensor_fifo_count
                0x20002158                saz
                0x2000215c                MSG_time_stamp
                0x20002160                MSG_mode
                0x20002162                MSG_roll
                0x20002164                MSG_temperature
                0x20002168                rx_queue
                0x200021ec                MSG_ae
                0x200021f4                MSG_sr
                0x200021f6                phi
                0x200021f8                temperature
                0x200021fc                log_msg
                0x2000222a                MSG_theta
                0x2000222c                MSG_psi
                0x2000222e                MSG_thrust
                0x20002230                theta
                0x20002234                pressure
                0x20002238                MSG_pitch
                0x2000223a                mode
                0x2000223c                tx_queue
                0x200022c0                sax
                0x200022c2                index_logging
                0x200022c4                MSG_yaw
                0x200022c6                MSG_index_log
                0x200022c8                sq
                0x200022ca                bat_volt
                0x200022cc                encodedlog
                0x200023cc                ble_rx_queue
                0x2000244f                encodedlog_size
                0x20002450                sp
                0x20002454                ble_tx_queue
                0x200024d8                MSG_pressure
                0x200024dc                ae
                0x200024e4                sr
                0x200024e6                MSG_sq
                0x200024e8                demo_done
 *fill*         0x200024e9        0x3 
 COMMON         0x200024ec        0x8 _build/baro.o
                0x200024ec                D2
                0x200024f0                D1
 COMMON         0x200024f4        0x4 /home/neo/ERTS/ERTS/gcc-arm-none-eabi/bin/../lib/gcc/arm-none-eabi/5.4.1/../../../../arm-none-eabi/lib/armv6-m/libc_nano.a(lib_a-reent.o)
                0x200024f4                errno
                0x200024f8                . = ALIGN (0x4)
                0x200024f8                __bss_end__ = .

.heap           0x200024f8      0x800
                0x200024f8                __end__ = .
                0x200024f8                end = __end__
 *(.heap*)
 .heap          0x200024f8      0x800 _build/gcc_startup_nrf51.o
                0x200024f8                __HeapBase
                0x20002cf8                __HeapLimit = .

.stack_dummy    0x200024f8      0x800
 *(.stack*)
 .stack         0x200024f8      0x800 _build/gcc_startup_nrf51.o
                0x20004000                __StackTop = (ORIGIN (RAM) + LENGTH (RAM))
                0x20003800                __StackLimit = (__StackTop - SIZEOF (.stack_dummy))
                0x20004000                PROVIDE (__stack, __StackTop)
                0x00000001                ASSERT ((__StackLimit >= __HeapLimit), region RAM overflowed with stack)
OUTPUT(_build/in4073.out elf32-littlearm)

.ARM.attributes
                0x00000000       0x28
 .ARM.attributes
                0x00000000       0x1e /home/neo/ERTS/ERTS/gcc-arm-none-eabi/bin/../lib/gcc/arm-none-eabi/5.4.1/armv6-m/crti.o
 .ARM.attributes
                0x0000001e       0x2c /home/neo/ERTS/ERTS/gcc-arm-none-eabi/bin/../lib/gcc/arm-none-eabi/5.4.1/armv6-m/crtbegin.o
 .ARM.attributes
                0x0000004a       0x1b /home/neo/ERTS/ERTS/gcc-arm-none-eabi/bin/../lib/gcc/arm-none-eabi/5.4.1/../../../../arm-none-eabi/lib/armv6-m/crt0.o
 .ARM.attributes
                0x00000065       0x2c /home/neo/ERTS/ERTS/gcc-arm-none-eabi/bin/../lib/gcc/arm-none-eabi/5.4.1/../../../../arm-none-eabi/lib/armv6-m/libc_nano.a(lib_a-exit.o)
 .ARM.attributes
                0x00000091       0x2c /home/neo/ERTS/ERTS/gcc-arm-none-eabi/bin/../lib/gcc/arm-none-eabi/5.4.1/../../../../arm-none-eabi/lib/armv6-m/libc_nano.a(lib_a-impure.o)
 .ARM.attributes
                0x000000bd       0x2c /home/neo/ERTS/ERTS/gcc-arm-none-eabi/bin/../lib/gcc/arm-none-eabi/5.4.1/../../../../arm-none-eabi/lib/armv6-m/libc_nano.a(lib_a-init.o)
 .ARM.attributes
                0x000000e9       0x2c /home/neo/ERTS/ERTS/gcc-arm-none-eabi/bin/../lib/gcc/arm-none-eabi/5.4.1/../../../../arm-none-eabi/lib/armv6-m/libc_nano.a(lib_a-memset.o)
 .ARM.attributes
                0x00000115       0x2c /home/neo/ERTS/ERTS/gcc-arm-none-eabi/bin/../lib/gcc/arm-none-eabi/5.4.1/../../../../arm-none-eabi/lib/armv6-m/libnosys.a(_exit.o)
 .ARM.attributes
                0x00000141       0x31 _build/system_nrf51.o
 .ARM.attributes
                0x00000172       0x31 _build/nrf_delay.o
 .ARM.attributes
                0x000001a3       0x31 _build/in4073.o
 .ARM.attributes
                0x000001d4       0x31 _build/control.o
 .ARM.attributes
                0x00000205       0x31 _build/gpio.o
 .ARM.attributes
                0x00000236       0x31 _build/timers.o
 .ARM.attributes
                0x00000267       0x31 _build/uart.o
 .ARM.attributes
                0x00000298       0x31 _build/queue.o
 .ARM.attributes
                0x000002c9       0x31 _build/twi.o
 .ARM.attributes
                0x000002fa       0x31 _build/adc.o
 .ARM.attributes
                0x0000032b       0x31 _build/baro.o
 .ARM.attributes
                0x0000035c       0x31 _build/spi_flash.o
 .ARM.attributes
                0x0000038d       0x31 _build/inv_mpu.o
 .ARM.attributes
                0x000003be       0x31 _build/inv_mpu_dmp_motion_driver.o
 .ARM.attributes
                0x000003ef       0x31 _build/ml.o
 .ARM.attributes
                0x00000420       0x31 _build/mpu_wrapper.o
 .ARM.attributes
                0x00000451       0x31 _build/app_error.o
 .ARM.attributes
                0x00000482       0x31 _build/app_timer.o
 .ARM.attributes
                0x000004b3       0x31 _build/softdevice_handler.o
 .ARM.attributes
                0x000004e4       0x31 _build/logging.o
 .ARM.attributes
                0x00000515       0x31 _build/logging_protocol.o
 .ARM.attributes
                0x00000546       0x1b _build/gcc_startup_nrf51.o
 .ARM.attributes
                0x00000561       0x2c /home/neo/ERTS/ERTS/gcc-arm-none-eabi/bin/../lib/gcc/arm-none-eabi/5.4.1/../../../../arm-none-eabi/lib/armv6-m/libm.a(lib_a-s_fabs.o)
 .ARM.attributes
                0x0000058d       0x2c /home/neo/ERTS/ERTS/gcc-arm-none-eabi/bin/../lib/gcc/arm-none-eabi/5.4.1/../../../../arm-none-eabi/lib/armv6-m/libm.a(lib_a-w_asin.o)
 .ARM.attributes
                0x000005b9       0x2c /home/neo/ERTS/ERTS/gcc-arm-none-eabi/bin/../lib/gcc/arm-none-eabi/5.4.1/../../../../arm-none-eabi/lib/armv6-m/libm.a(lib_a-w_atan2.o)
 .ARM.attributes
                0x000005e5       0x2c /home/neo/ERTS/ERTS/gcc-arm-none-eabi/bin/../lib/gcc/arm-none-eabi/5.4.1/../../../../arm-none-eabi/lib/armv6-m/libm.a(lib_a-e_asin.o)
 .ARM.attributes
                0x00000611       0x2c /home/neo/ERTS/ERTS/gcc-arm-none-eabi/bin/../lib/gcc/arm-none-eabi/5.4.1/../../../../arm-none-eabi/lib/armv6-m/libm.a(lib_a-e_atan2.o)
 .ARM.attributes
                0x0000063d       0x2c /home/neo/ERTS/ERTS/gcc-arm-none-eabi/bin/../lib/gcc/arm-none-eabi/5.4.1/../../../../arm-none-eabi/lib/armv6-m/libm.a(lib_a-e_sqrt.o)
 .ARM.attributes
                0x00000669       0x2c /home/neo/ERTS/ERTS/gcc-arm-none-eabi/bin/../lib/gcc/arm-none-eabi/5.4.1/../../../../arm-none-eabi/lib/armv6-m/libm.a(lib_a-s_atan.o)
 .ARM.attributes
                0x00000695       0x2c /home/neo/ERTS/ERTS/gcc-arm-none-eabi/bin/../lib/gcc/arm-none-eabi/5.4.1/../../../../arm-none-eabi/lib/armv6-m/libm.a(lib_a-s_lib_ver.o)
 .ARM.attributes
                0x000006c1       0x2c /home/neo/ERTS/ERTS/gcc-arm-none-eabi/bin/../lib/gcc/arm-none-eabi/5.4.1/../../../../arm-none-eabi/lib/armv6-m/libm.a(lib_a-s_matherr.o)
 .ARM.attributes
                0x000006ed       0x2c /home/neo/ERTS/ERTS/gcc-arm-none-eabi/bin/../lib/gcc/arm-none-eabi/5.4.1/../../../../arm-none-eabi/lib/armv6-m/libm.a(lib_a-s_nan.o)
 .ARM.attributes
                0x00000719       0x1e /home/neo/ERTS/ERTS/gcc-arm-none-eabi/bin/../lib/gcc/arm-none-eabi/5.4.1/armv6-m/libgcc.a(_udivsi3.o)
 .ARM.attributes
                0x00000737       0x1e /home/neo/ERTS/ERTS/gcc-arm-none-eabi/bin/../lib/gcc/arm-none-eabi/5.4.1/armv6-m/libgcc.a(_divsi3.o)
 .ARM.attributes
                0x00000755       0x1e /home/neo/ERTS/ERTS/gcc-arm-none-eabi/bin/../lib/gcc/arm-none-eabi/5.4.1/armv6-m/libgcc.a(_dvmd_tls.o)
 .ARM.attributes
                0x00000773       0x1e /home/neo/ERTS/ERTS/gcc-arm-none-eabi/bin/../lib/gcc/arm-none-eabi/5.4.1/armv6-m/libgcc.a(_arm_cmpdf2.o)
 .ARM.attributes
                0x00000791       0x1e /home/neo/ERTS/ERTS/gcc-arm-none-eabi/bin/../lib/gcc/arm-none-eabi/5.4.1/armv6-m/libgcc.a(_arm_cmpsf2.o)
 .ARM.attributes
                0x000007af       0x2c /home/neo/ERTS/ERTS/gcc-arm-none-eabi/bin/../lib/gcc/arm-none-eabi/5.4.1/armv6-m/libgcc.a(_muldi3.o)
 .ARM.attributes
                0x000007db       0x2c /home/neo/ERTS/ERTS/gcc-arm-none-eabi/bin/../lib/gcc/arm-none-eabi/5.4.1/armv6-m/libgcc.a(_fixunssfsi.o)
 .ARM.attributes
                0x00000807       0x2c /home/neo/ERTS/ERTS/gcc-arm-none-eabi/bin/../lib/gcc/arm-none-eabi/5.4.1/armv6-m/libgcc.a(addsf3.o)
 .ARM.attributes
                0x00000833       0x2c /home/neo/ERTS/ERTS/gcc-arm-none-eabi/bin/../lib/gcc/arm-none-eabi/5.4.1/armv6-m/libgcc.a(divsf3.o)
 .ARM.attributes
                0x0000085f       0x2c /home/neo/ERTS/ERTS/gcc-arm-none-eabi/bin/../lib/gcc/arm-none-eabi/5.4.1/armv6-m/libgcc.a(eqsf2.o)
 .ARM.attributes
                0x0000088b       0x2c /home/neo/ERTS/ERTS/gcc-arm-none-eabi/bin/../lib/gcc/arm-none-eabi/5.4.1/armv6-m/libgcc.a(gesf2.o)
 .ARM.attributes
                0x000008b7       0x2c /home/neo/ERTS/ERTS/gcc-arm-none-eabi/bin/../lib/gcc/arm-none-eabi/5.4.1/armv6-m/libgcc.a(lesf2.o)
 .ARM.attributes
                0x000008e3       0x2c /home/neo/ERTS/ERTS/gcc-arm-none-eabi/bin/../lib/gcc/arm-none-eabi/5.4.1/armv6-m/libgcc.a(mulsf3.o)
 .ARM.attributes
                0x0000090f       0x2c /home/neo/ERTS/ERTS/gcc-arm-none-eabi/bin/../lib/gcc/arm-none-eabi/5.4.1/armv6-m/libgcc.a(subsf3.o)
 .ARM.attributes
                0x0000093b       0x2c /home/neo/ERTS/ERTS/gcc-arm-none-eabi/bin/../lib/gcc/arm-none-eabi/5.4.1/armv6-m/libgcc.a(fixsfsi.o)
 .ARM.attributes
                0x00000967       0x2c /home/neo/ERTS/ERTS/gcc-arm-none-eabi/bin/../lib/gcc/arm-none-eabi/5.4.1/armv6-m/libgcc.a(floatsisf.o)
 .ARM.attributes
                0x00000993       0x2c /home/neo/ERTS/ERTS/gcc-arm-none-eabi/bin/../lib/gcc/arm-none-eabi/5.4.1/armv6-m/libgcc.a(floatunsisf.o)
 .ARM.attributes
                0x000009bf       0x2c /home/neo/ERTS/ERTS/gcc-arm-none-eabi/bin/../lib/gcc/arm-none-eabi/5.4.1/armv6-m/libgcc.a(adddf3.o)
 .ARM.attributes
                0x000009eb       0x2c /home/neo/ERTS/ERTS/gcc-arm-none-eabi/bin/../lib/gcc/arm-none-eabi/5.4.1/armv6-m/libgcc.a(divdf3.o)
 .ARM.attributes
                0x00000a17       0x2c /home/neo/ERTS/ERTS/gcc-arm-none-eabi/bin/../lib/gcc/arm-none-eabi/5.4.1/armv6-m/libgcc.a(eqdf2.o)
 .ARM.attributes
                0x00000a43       0x2c /home/neo/ERTS/ERTS/gcc-arm-none-eabi/bin/../lib/gcc/arm-none-eabi/5.4.1/armv6-m/libgcc.a(gedf2.o)
 .ARM.attributes
                0x00000a6f       0x2c /home/neo/ERTS/ERTS/gcc-arm-none-eabi/bin/../lib/gcc/arm-none-eabi/5.4.1/armv6-m/libgcc.a(ledf2.o)
 .ARM.attributes
                0x00000a9b       0x2c /home/neo/ERTS/ERTS/gcc-arm-none-eabi/bin/../lib/gcc/arm-none-eabi/5.4.1/armv6-m/libgcc.a(muldf3.o)
 .ARM.attributes
                0x00000ac7       0x2c /home/neo/ERTS/ERTS/gcc-arm-none-eabi/bin/../lib/gcc/arm-none-eabi/5.4.1/armv6-m/libgcc.a(subdf3.o)
 .ARM.attributes
                0x00000af3       0x2c /home/neo/ERTS/ERTS/gcc-arm-none-eabi/bin/../lib/gcc/arm-none-eabi/5.4.1/armv6-m/libgcc.a(unorddf2.o)
 .ARM.attributes
                0x00000b1f       0x2c /home/neo/ERTS/ERTS/gcc-arm-none-eabi/bin/../lib/gcc/arm-none-eabi/5.4.1/armv6-m/libgcc.a(fixdfsi.o)
 .ARM.attributes
                0x00000b4b       0x2c /home/neo/ERTS/ERTS/gcc-arm-none-eabi/bin/../lib/gcc/arm-none-eabi/5.4.1/armv6-m/libgcc.a(extendsfdf2.o)
 .ARM.attributes
                0x00000b77       0x1e /home/neo/ERTS/ERTS/gcc-arm-none-eabi/bin/../lib/gcc/arm-none-eabi/5.4.1/armv6-m/libgcc.a(_clzsi2.o)
 .ARM.attributes
                0x00000b95       0x2c /home/neo/ERTS/ERTS/gcc-arm-none-eabi/bin/../lib/gcc/arm-none-eabi/5.4.1/../../../../arm-none-eabi/lib/armv6-m/libc_nano.a(lib_a-errno.o)
 .ARM.attributes
                0x00000bc1       0x2c /home/neo/ERTS/ERTS/gcc-arm-none-eabi/bin/../lib/gcc/arm-none-eabi/5.4.1/../../../../arm-none-eabi/lib/armv6-m/libc_nano.a(lib_a-memcmp.o)
 .ARM.attributes
                0x00000bed       0x2c /home/neo/ERTS/ERTS/gcc-arm-none-eabi/bin/../lib/gcc/arm-none-eabi/5.4.1/../../../../arm-none-eabi/lib/armv6-m/libc_nano.a(lib_a-memcpy-stub.o)
 .ARM.attributes
                0x00000c19       0x2c /home/neo/ERTS/ERTS/gcc-arm-none-eabi/bin/../lib/gcc/arm-none-eabi/5.4.1/../../../../arm-none-eabi/lib/armv6-m/libc_nano.a(lib_a-printf.o)
 .ARM.attributes
                0x00000c45       0x2c /home/neo/ERTS/ERTS/gcc-arm-none-eabi/bin/../lib/gcc/arm-none-eabi/5.4.1/../../../../arm-none-eabi/lib/armv6-m/libc_nano.a(lib_a-findfp.o)
 .ARM.attributes
                0x00000c71       0x2c /home/neo/ERTS/ERTS/gcc-arm-none-eabi/bin/../lib/gcc/arm-none-eabi/5.4.1/../../../../arm-none-eabi/lib/armv6-m/libc_nano.a(lib_a-fwalk.o)
 .ARM.attributes
                0x00000c9d       0x2c /home/neo/ERTS/ERTS/gcc-arm-none-eabi/bin/../lib/gcc/arm-none-eabi/5.4.1/../../../../arm-none-eabi/lib/armv6-m/libc_nano.a(lib_a-nano-mallocr.o)
 .ARM.attributes
                0x00000cc9       0x2c /home/neo/ERTS/ERTS/gcc-arm-none-eabi/bin/../lib/gcc/arm-none-eabi/5.4.1/../../../../arm-none-eabi/lib/armv6-m/libc_nano.a(lib_a-nano-vfprintf.o)
 .ARM.attributes
                0x00000cf5       0x2c /home/neo/ERTS/ERTS/gcc-arm-none-eabi/bin/../lib/gcc/arm-none-eabi/5.4.1/../../../../arm-none-eabi/lib/armv6-m/libc_nano.a(lib_a-nano-vfprintf_i.o)
 .ARM.attributes
                0x00000d21       0x2c /home/neo/ERTS/ERTS/gcc-arm-none-eabi/bin/../lib/gcc/arm-none-eabi/5.4.1/../../../../arm-none-eabi/lib/armv6-m/libc_nano.a(lib_a-sbrkr.o)
 .ARM.attributes
                0x00000d4d       0x2c /home/neo/ERTS/ERTS/gcc-arm-none-eabi/bin/../lib/gcc/arm-none-eabi/5.4.1/../../../../arm-none-eabi/lib/armv6-m/libc_nano.a(lib_a-stdio.o)
 .ARM.attributes
                0x00000d79       0x2c /home/neo/ERTS/ERTS/gcc-arm-none-eabi/bin/../lib/gcc/arm-none-eabi/5.4.1/../../../../arm-none-eabi/lib/armv6-m/libc_nano.a(lib_a-wbuf.o)
 .ARM.attributes
                0x00000da5       0x2c /home/neo/ERTS/ERTS/gcc-arm-none-eabi/bin/../lib/gcc/arm-none-eabi/5.4.1/../../../../arm-none-eabi/lib/armv6-m/libc_nano.a(lib_a-writer.o)
 .ARM.attributes
                0x00000dd1       0x2c /home/neo/ERTS/ERTS/gcc-arm-none-eabi/bin/../lib/gcc/arm-none-eabi/5.4.1/../../../../arm-none-eabi/lib/armv6-m/libc_nano.a(lib_a-wsetup.o)
 .ARM.attributes
                0x00000dfd       0x2c /home/neo/ERTS/ERTS/gcc-arm-none-eabi/bin/../lib/gcc/arm-none-eabi/5.4.1/../../../../arm-none-eabi/lib/armv6-m/libc_nano.a(lib_a-closer.o)
 .ARM.attributes
                0x00000e29       0x2c /home/neo/ERTS/ERTS/gcc-arm-none-eabi/bin/../lib/gcc/arm-none-eabi/5.4.1/../../../../arm-none-eabi/lib/armv6-m/libc_nano.a(lib_a-fflush.o)
 .ARM.attributes
                0x00000e55       0x2c /home/neo/ERTS/ERTS/gcc-arm-none-eabi/bin/../lib/gcc/arm-none-eabi/5.4.1/../../../../arm-none-eabi/lib/armv6-m/libc_nano.a(lib_a-lseekr.o)
 .ARM.attributes
                0x00000e81       0x2c /home/neo/ERTS/ERTS/gcc-arm-none-eabi/bin/../lib/gcc/arm-none-eabi/5.4.1/../../../../arm-none-eabi/lib/armv6-m/libc_nano.a(lib_a-makebuf.o)
 .ARM.attributes
                0x00000ead       0x2c /home/neo/ERTS/ERTS/gcc-arm-none-eabi/bin/../lib/gcc/arm-none-eabi/5.4.1/../../../../arm-none-eabi/lib/armv6-m/libc_nano.a(lib_a-memchr-stub.o)
 .ARM.attributes
                0x00000ed9       0x2c /home/neo/ERTS/ERTS/gcc-arm-none-eabi/bin/../lib/gcc/arm-none-eabi/5.4.1/../../../../arm-none-eabi/lib/armv6-m/libc_nano.a(lib_a-mlock.o)
 .ARM.attributes
                0x00000f05       0x2c /home/neo/ERTS/ERTS/gcc-arm-none-eabi/bin/../lib/gcc/arm-none-eabi/5.4.1/../../../../arm-none-eabi/lib/armv6-m/libc_nano.a(lib_a-nano-freer.o)
 .ARM.attributes
                0x00000f31       0x2c /home/neo/ERTS/ERTS/gcc-arm-none-eabi/bin/../lib/gcc/arm-none-eabi/5.4.1/../../../../arm-none-eabi/lib/armv6-m/libc_nano.a(lib_a-readr.o)
 .ARM.attributes
                0x00000f5d       0x2c /home/neo/ERTS/ERTS/gcc-arm-none-eabi/bin/../lib/gcc/arm-none-eabi/5.4.1/../../../../arm-none-eabi/lib/armv6-m/libc_nano.a(lib_a-reent.o)
 .ARM.attributes
                0x00000f89       0x2c /home/neo/ERTS/ERTS/gcc-arm-none-eabi/bin/../lib/gcc/arm-none-eabi/5.4.1/../../../../arm-none-eabi/lib/armv6-m/libc_nano.a(lib_a-fstatr.o)
 .ARM.attributes
                0x00000fb5       0x2c /home/neo/ERTS/ERTS/gcc-arm-none-eabi/bin/../lib/gcc/arm-none-eabi/5.4.1/../../../../arm-none-eabi/lib/armv6-m/libc_nano.a(lib_a-isattyr.o)
 .ARM.attributes
                0x00000fe1       0x1e /home/neo/ERTS/ERTS/gcc-arm-none-eabi/bin/../lib/gcc/arm-none-eabi/5.4.1/armv6-m/crtn.o
 .ARM.attributes
                0x00000fff       0x2c /home/neo/ERTS/ERTS/gcc-arm-none-eabi/bin/../lib/gcc/arm-none-eabi/5.4.1/../../../../arm-none-eabi/lib/armv6-m/libnosys.a(close.o)
 .ARM.attributes
                0x0000102b       0x2c /home/neo/ERTS/ERTS/gcc-arm-none-eabi/bin/../lib/gcc/arm-none-eabi/5.4.1/../../../../arm-none-eabi/lib/armv6-m/libnosys.a(fstat.o)
 .ARM.attributes
                0x00001057       0x2c /home/neo/ERTS/ERTS/gcc-arm-none-eabi/bin/../lib/gcc/arm-none-eabi/5.4.1/../../../../arm-none-eabi/lib/armv6-m/libnosys.a(isatty.o)
 .ARM.attributes
                0x00001083       0x2c /home/neo/ERTS/ERTS/gcc-arm-none-eabi/bin/../lib/gcc/arm-none-eabi/5.4.1/../../../../arm-none-eabi/lib/armv6-m/libnosys.a(lseek.o)
 .ARM.attributes
                0x000010af       0x2c /home/neo/ERTS/ERTS/gcc-arm-none-eabi/bin/../lib/gcc/arm-none-eabi/5.4.1/../../../../arm-none-eabi/lib/armv6-m/libnosys.a(read.o)
 .ARM.attributes
                0x000010db       0x2c /home/neo/ERTS/ERTS/gcc-arm-none-eabi/bin/../lib/gcc/arm-none-eabi/5.4.1/../../../../arm-none-eabi/lib/armv6-m/libnosys.a(sbrk.o)

.comment        0x00000000       0x6e
 .comment       0x00000000       0x6e _build/system_nrf51.o
                                 0x6f (size before relaxing)
 .comment       0x0000006e       0x6f _build/nrf_delay.o
 .comment       0x0000006e       0x6f _build/in4073.o
 .comment       0x0000006e       0x6f _build/control.o
 .comment       0x0000006e       0x6f _build/gpio.o
 .comment       0x0000006e       0x6f _build/timers.o
 .comment       0x0000006e       0x6f _build/uart.o
 .comment       0x0000006e       0x6f _build/queue.o
 .comment       0x0000006e       0x6f _build/twi.o
 .comment       0x0000006e       0x6f _build/adc.o
 .comment       0x0000006e       0x6f _build/baro.o
 .comment       0x0000006e       0x6f _build/spi_flash.o
 .comment       0x0000006e       0x6f _build/inv_mpu.o
 .comment       0x0000006e       0x6f _build/inv_mpu_dmp_motion_driver.o
 .comment       0x0000006e       0x6f _build/ml.o
 .comment       0x0000006e       0x6f _build/mpu_wrapper.o
 .comment       0x0000006e       0x6f _build/app_error.o
 .comment       0x0000006e       0x6f _build/app_timer.o
 .comment       0x0000006e       0x6f _build/softdevice_handler.o
 .comment       0x0000006e       0x6f _build/logging.o
 .comment       0x0000006e       0x6f _build/logging_protocol.o

.debug_frame    0x00000000      0xeb8
 .debug_frame   0x00000000       0x28 /home/neo/ERTS/ERTS/gcc-arm-none-eabi/bin/../lib/gcc/arm-none-eabi/5.4.1/../../../../arm-none-eabi/lib/armv6-m/libc_nano.a(lib_a-exit.o)
 .debug_frame   0x00000028       0x2c /home/neo/ERTS/ERTS/gcc-arm-none-eabi/bin/../lib/gcc/arm-none-eabi/5.4.1/../../../../arm-none-eabi/lib/armv6-m/libc_nano.a(lib_a-init.o)
 .debug_frame   0x00000054       0x20 /home/neo/ERTS/ERTS/gcc-arm-none-eabi/bin/../lib/gcc/arm-none-eabi/5.4.1/../../../../arm-none-eabi/lib/armv6-m/libc_nano.a(lib_a-memset.o)
 .debug_frame   0x00000074       0x20 /home/neo/ERTS/ERTS/gcc-arm-none-eabi/bin/../lib/gcc/arm-none-eabi/5.4.1/../../../../arm-none-eabi/lib/armv6-m/libnosys.a(_exit.o)
 .debug_frame   0x00000094       0x20 /home/neo/ERTS/ERTS/gcc-arm-none-eabi/bin/../lib/gcc/arm-none-eabi/5.4.1/../../../../arm-none-eabi/lib/armv6-m/libm.a(lib_a-s_fabs.o)
 .debug_frame   0x000000b4       0x38 /home/neo/ERTS/ERTS/gcc-arm-none-eabi/bin/../lib/gcc/arm-none-eabi/5.4.1/../../../../arm-none-eabi/lib/armv6-m/libm.a(lib_a-w_asin.o)
 .debug_frame   0x000000ec       0x28 /home/neo/ERTS/ERTS/gcc-arm-none-eabi/bin/../lib/gcc/arm-none-eabi/5.4.1/../../../../arm-none-eabi/lib/armv6-m/libm.a(lib_a-w_atan2.o)
 .debug_frame   0x00000114       0x38 /home/neo/ERTS/ERTS/gcc-arm-none-eabi/bin/../lib/gcc/arm-none-eabi/5.4.1/../../../../arm-none-eabi/lib/armv6-m/libm.a(lib_a-e_asin.o)
 .debug_frame   0x0000014c       0x38 /home/neo/ERTS/ERTS/gcc-arm-none-eabi/bin/../lib/gcc/arm-none-eabi/5.4.1/../../../../arm-none-eabi/lib/armv6-m/libm.a(lib_a-e_atan2.o)
 .debug_frame   0x00000184       0x3c /home/neo/ERTS/ERTS/gcc-arm-none-eabi/bin/../lib/gcc/arm-none-eabi/5.4.1/../../../../arm-none-eabi/lib/armv6-m/libm.a(lib_a-e_sqrt.o)
 .debug_frame   0x000001c0       0x3c /home/neo/ERTS/ERTS/gcc-arm-none-eabi/bin/../lib/gcc/arm-none-eabi/5.4.1/../../../../arm-none-eabi/lib/armv6-m/libm.a(lib_a-s_atan.o)
 .debug_frame   0x000001fc       0x20 /home/neo/ERTS/ERTS/gcc-arm-none-eabi/bin/../lib/gcc/arm-none-eabi/5.4.1/../../../../arm-none-eabi/lib/armv6-m/libm.a(lib_a-s_matherr.o)
 .debug_frame   0x0000021c       0x20 /home/neo/ERTS/ERTS/gcc-arm-none-eabi/bin/../lib/gcc/arm-none-eabi/5.4.1/../../../../arm-none-eabi/lib/armv6-m/libm.a(lib_a-s_nan.o)
 .debug_frame   0x0000023c       0x20 /home/neo/ERTS/ERTS/gcc-arm-none-eabi/bin/../lib/gcc/arm-none-eabi/5.4.1/armv6-m/libgcc.a(_udivsi3.o)
 .debug_frame   0x0000025c       0x20 /home/neo/ERTS/ERTS/gcc-arm-none-eabi/bin/../lib/gcc/arm-none-eabi/5.4.1/armv6-m/libgcc.a(_divsi3.o)
 .debug_frame   0x0000027c       0x34 /home/neo/ERTS/ERTS/gcc-arm-none-eabi/bin/../lib/gcc/arm-none-eabi/5.4.1/armv6-m/libgcc.a(_muldi3.o)
 .debug_frame   0x000002b0       0x28 /home/neo/ERTS/ERTS/gcc-arm-none-eabi/bin/../lib/gcc/arm-none-eabi/5.4.1/armv6-m/libgcc.a(_fixunssfsi.o)
 .debug_frame   0x000002d8       0x30 /home/neo/ERTS/ERTS/gcc-arm-none-eabi/bin/../lib/gcc/arm-none-eabi/5.4.1/armv6-m/libgcc.a(addsf3.o)
 .debug_frame   0x00000308       0x3c /home/neo/ERTS/ERTS/gcc-arm-none-eabi/bin/../lib/gcc/arm-none-eabi/5.4.1/armv6-m/libgcc.a(divsf3.o)
 .debug_frame   0x00000344       0x2c /home/neo/ERTS/ERTS/gcc-arm-none-eabi/bin/../lib/gcc/arm-none-eabi/5.4.1/armv6-m/libgcc.a(eqsf2.o)
 .debug_frame   0x00000370       0x30 /home/neo/ERTS/ERTS/gcc-arm-none-eabi/bin/../lib/gcc/arm-none-eabi/5.4.1/armv6-m/libgcc.a(gesf2.o)
 .debug_frame   0x000003a0       0x30 /home/neo/ERTS/ERTS/gcc-arm-none-eabi/bin/../lib/gcc/arm-none-eabi/5.4.1/armv6-m/libgcc.a(lesf2.o)
 .debug_frame   0x000003d0       0x38 /home/neo/ERTS/ERTS/gcc-arm-none-eabi/bin/../lib/gcc/arm-none-eabi/5.4.1/armv6-m/libgcc.a(mulsf3.o)
 .debug_frame   0x00000408       0x30 /home/neo/ERTS/ERTS/gcc-arm-none-eabi/bin/../lib/gcc/arm-none-eabi/5.4.1/armv6-m/libgcc.a(subsf3.o)
 .debug_frame   0x00000438       0x20 /home/neo/ERTS/ERTS/gcc-arm-none-eabi/bin/../lib/gcc/arm-none-eabi/5.4.1/armv6-m/libgcc.a(fixsfsi.o)
 .debug_frame   0x00000458       0x2c /home/neo/ERTS/ERTS/gcc-arm-none-eabi/bin/../lib/gcc/arm-none-eabi/5.4.1/armv6-m/libgcc.a(floatsisf.o)
 .debug_frame   0x00000484       0x2c /home/neo/ERTS/ERTS/gcc-arm-none-eabi/bin/../lib/gcc/arm-none-eabi/5.4.1/armv6-m/libgcc.a(floatunsisf.o)
 .debug_frame   0x000004b0       0x3c /home/neo/ERTS/ERTS/gcc-arm-none-eabi/bin/../lib/gcc/arm-none-eabi/5.4.1/armv6-m/libgcc.a(adddf3.o)
 .debug_frame   0x000004ec       0x3c /home/neo/ERTS/ERTS/gcc-arm-none-eabi/bin/../lib/gcc/arm-none-eabi/5.4.1/armv6-m/libgcc.a(divdf3.o)
 .debug_frame   0x00000528       0x38 /home/neo/ERTS/ERTS/gcc-arm-none-eabi/bin/../lib/gcc/arm-none-eabi/5.4.1/armv6-m/libgcc.a(eqdf2.o)
 .debug_frame   0x00000560       0x38 /home/neo/ERTS/ERTS/gcc-arm-none-eabi/bin/../lib/gcc/arm-none-eabi/5.4.1/armv6-m/libgcc.a(gedf2.o)
 .debug_frame   0x00000598       0x38 /home/neo/ERTS/ERTS/gcc-arm-none-eabi/bin/../lib/gcc/arm-none-eabi/5.4.1/armv6-m/libgcc.a(ledf2.o)
 .debug_frame   0x000005d0       0x3c /home/neo/ERTS/ERTS/gcc-arm-none-eabi/bin/../lib/gcc/arm-none-eabi/5.4.1/armv6-m/libgcc.a(muldf3.o)
 .debug_frame   0x0000060c       0x38 /home/neo/ERTS/ERTS/gcc-arm-none-eabi/bin/../lib/gcc/arm-none-eabi/5.4.1/armv6-m/libgcc.a(subdf3.o)
 .debug_frame   0x00000644       0x2c /home/neo/ERTS/ERTS/gcc-arm-none-eabi/bin/../lib/gcc/arm-none-eabi/5.4.1/armv6-m/libgcc.a(unorddf2.o)
 .debug_frame   0x00000670       0x2c /home/neo/ERTS/ERTS/gcc-arm-none-eabi/bin/../lib/gcc/arm-none-eabi/5.4.1/armv6-m/libgcc.a(fixdfsi.o)
 .debug_frame   0x0000069c       0x2c /home/neo/ERTS/ERTS/gcc-arm-none-eabi/bin/../lib/gcc/arm-none-eabi/5.4.1/armv6-m/libgcc.a(extendsfdf2.o)
 .debug_frame   0x000006c8       0x20 /home/neo/ERTS/ERTS/gcc-arm-none-eabi/bin/../lib/gcc/arm-none-eabi/5.4.1/../../../../arm-none-eabi/lib/armv6-m/libc_nano.a(lib_a-errno.o)
 .debug_frame   0x000006e8       0x2c /home/neo/ERTS/ERTS/gcc-arm-none-eabi/bin/../lib/gcc/arm-none-eabi/5.4.1/../../../../arm-none-eabi/lib/armv6-m/libc_nano.a(lib_a-memcmp.o)
 .debug_frame   0x00000714       0x28 /home/neo/ERTS/ERTS/gcc-arm-none-eabi/bin/../lib/gcc/arm-none-eabi/5.4.1/../../../../arm-none-eabi/lib/armv6-m/libc_nano.a(lib_a-memcpy-stub.o)
 .debug_frame   0x0000073c       0x50 /home/neo/ERTS/ERTS/gcc-arm-none-eabi/bin/../lib/gcc/arm-none-eabi/5.4.1/../../../../arm-none-eabi/lib/armv6-m/libc_nano.a(lib_a-printf.o)
 .debug_frame   0x0000078c      0x140 /home/neo/ERTS/ERTS/gcc-arm-none-eabi/bin/../lib/gcc/arm-none-eabi/5.4.1/../../../../arm-none-eabi/lib/armv6-m/libc_nano.a(lib_a-findfp.o)
 .debug_frame   0x000008cc       0x58 /home/neo/ERTS/ERTS/gcc-arm-none-eabi/bin/../lib/gcc/arm-none-eabi/5.4.1/../../../../arm-none-eabi/lib/armv6-m/libc_nano.a(lib_a-fwalk.o)
 .debug_frame   0x00000924       0x2c /home/neo/ERTS/ERTS/gcc-arm-none-eabi/bin/../lib/gcc/arm-none-eabi/5.4.1/../../../../arm-none-eabi/lib/armv6-m/libc_nano.a(lib_a-nano-mallocr.o)
 .debug_frame   0x00000950       0x9c /home/neo/ERTS/ERTS/gcc-arm-none-eabi/bin/../lib/gcc/arm-none-eabi/5.4.1/../../../../arm-none-eabi/lib/armv6-m/libc_nano.a(lib_a-nano-vfprintf.o)
 .debug_frame   0x000009ec       0x54 /home/neo/ERTS/ERTS/gcc-arm-none-eabi/bin/../lib/gcc/arm-none-eabi/5.4.1/../../../../arm-none-eabi/lib/armv6-m/libc_nano.a(lib_a-nano-vfprintf_i.o)
 .debug_frame   0x00000a40       0x2c /home/neo/ERTS/ERTS/gcc-arm-none-eabi/bin/../lib/gcc/arm-none-eabi/5.4.1/../../../../arm-none-eabi/lib/armv6-m/libc_nano.a(lib_a-sbrkr.o)
 .debug_frame   0x00000a6c       0x90 /home/neo/ERTS/ERTS/gcc-arm-none-eabi/bin/../lib/gcc/arm-none-eabi/5.4.1/../../../../arm-none-eabi/lib/armv6-m/libc_nano.a(lib_a-stdio.o)
 .debug_frame   0x00000afc       0x48 /home/neo/ERTS/ERTS/gcc-arm-none-eabi/bin/../lib/gcc/arm-none-eabi/5.4.1/../../../../arm-none-eabi/lib/armv6-m/libc_nano.a(lib_a-wbuf.o)
 .debug_frame   0x00000b44       0x2c /home/neo/ERTS/ERTS/gcc-arm-none-eabi/bin/../lib/gcc/arm-none-eabi/5.4.1/../../../../arm-none-eabi/lib/armv6-m/libc_nano.a(lib_a-writer.o)
 .debug_frame   0x00000b70       0x2c /home/neo/ERTS/ERTS/gcc-arm-none-eabi/bin/../lib/gcc/arm-none-eabi/5.4.1/../../../../arm-none-eabi/lib/armv6-m/libc_nano.a(lib_a-wsetup.o)
 .debug_frame   0x00000b9c       0x2c /home/neo/ERTS/ERTS/gcc-arm-none-eabi/bin/../lib/gcc/arm-none-eabi/5.4.1/../../../../arm-none-eabi/lib/armv6-m/libc_nano.a(lib_a-closer.o)
 .debug_frame   0x00000bc8       0x68 /home/neo/ERTS/ERTS/gcc-arm-none-eabi/bin/../lib/gcc/arm-none-eabi/5.4.1/../../../../arm-none-eabi/lib/armv6-m/libc_nano.a(lib_a-fflush.o)
 .debug_frame   0x00000c30       0x2c /home/neo/ERTS/ERTS/gcc-arm-none-eabi/bin/../lib/gcc/arm-none-eabi/5.4.1/../../../../arm-none-eabi/lib/armv6-m/libc_nano.a(lib_a-lseekr.o)
 .debug_frame   0x00000c5c       0x54 /home/neo/ERTS/ERTS/gcc-arm-none-eabi/bin/../lib/gcc/arm-none-eabi/5.4.1/../../../../arm-none-eabi/lib/armv6-m/libc_nano.a(lib_a-makebuf.o)
 .debug_frame   0x00000cb0       0x20 /home/neo/ERTS/ERTS/gcc-arm-none-eabi/bin/../lib/gcc/arm-none-eabi/5.4.1/../../../../arm-none-eabi/lib/armv6-m/libc_nano.a(lib_a-memchr-stub.o)
 .debug_frame   0x00000cd0       0x30 /home/neo/ERTS/ERTS/gcc-arm-none-eabi/bin/../lib/gcc/arm-none-eabi/5.4.1/../../../../arm-none-eabi/lib/armv6-m/libc_nano.a(lib_a-mlock.o)
 .debug_frame   0x00000d00       0x2c /home/neo/ERTS/ERTS/gcc-arm-none-eabi/bin/../lib/gcc/arm-none-eabi/5.4.1/../../../../arm-none-eabi/lib/armv6-m/libc_nano.a(lib_a-nano-freer.o)
 .debug_frame   0x00000d2c       0x2c /home/neo/ERTS/ERTS/gcc-arm-none-eabi/bin/../lib/gcc/arm-none-eabi/5.4.1/../../../../arm-none-eabi/lib/armv6-m/libc_nano.a(lib_a-readr.o)
 .debug_frame   0x00000d58       0x48 /home/neo/ERTS/ERTS/gcc-arm-none-eabi/bin/../lib/gcc/arm-none-eabi/5.4.1/../../../../arm-none-eabi/lib/armv6-m/libc_nano.a(lib_a-reent.o)
 .debug_frame   0x00000da0       0x2c /home/neo/ERTS/ERTS/gcc-arm-none-eabi/bin/../lib/gcc/arm-none-eabi/5.4.1/../../../../arm-none-eabi/lib/armv6-m/libc_nano.a(lib_a-fstatr.o)
 .debug_frame   0x00000dcc       0x2c /home/neo/ERTS/ERTS/gcc-arm-none-eabi/bin/../lib/gcc/arm-none-eabi/5.4.1/../../../../arm-none-eabi/lib/armv6-m/libc_nano.a(lib_a-isattyr.o)
 .debug_frame   0x00000df8       0x20 /home/neo/ERTS/ERTS/gcc-arm-none-eabi/bin/../lib/gcc/arm-none-eabi/5.4.1/../../../../arm-none-eabi/lib/armv6-m/libnosys.a(close.o)
 .debug_frame   0x00000e18       0x20 /home/neo/ERTS/ERTS/gcc-arm-none-eabi/bin/../lib/gcc/arm-none-eabi/5.4.1/../../../../arm-none-eabi/lib/armv6-m/libnosys.a(fstat.o)
 .debug_frame   0x00000e38       0x20 /home/neo/ERTS/ERTS/gcc-arm-none-eabi/bin/../lib/gcc/arm-none-eabi/5.4.1/../../../../arm-none-eabi/lib/armv6-m/libnosys.a(isatty.o)
 .debug_frame   0x00000e58       0x20 /home/neo/ERTS/ERTS/gcc-arm-none-eabi/bin/../lib/gcc/arm-none-eabi/5.4.1/../../../../arm-none-eabi/lib/armv6-m/libnosys.a(lseek.o)
 .debug_frame   0x00000e78       0x20 /home/neo/ERTS/ERTS/gcc-arm-none-eabi/bin/../lib/gcc/arm-none-eabi/5.4.1/../../../../arm-none-eabi/lib/armv6-m/libnosys.a(read.o)
 .debug_frame   0x00000e98       0x20 /home/neo/ERTS/ERTS/gcc-arm-none-eabi/bin/../lib/gcc/arm-none-eabi/5.4.1/../../../../arm-none-eabi/lib/armv6-m/libnosys.a(sbrk.o)

.stab           0x00000000       0x84
 .stab          0x00000000       0x24 /home/neo/ERTS/ERTS/gcc-arm-none-eabi/bin/../lib/gcc/arm-none-eabi/5.4.1/../../../../arm-none-eabi/lib/armv6-m/libnosys.a(close.o)
 .stab          0x00000024       0x18 /home/neo/ERTS/ERTS/gcc-arm-none-eabi/bin/../lib/gcc/arm-none-eabi/5.4.1/../../../../arm-none-eabi/lib/armv6-m/libnosys.a(fstat.o)
                                 0x24 (size before relaxing)
 .stab          0x0000003c       0x18 /home/neo/ERTS/ERTS/gcc-arm-none-eabi/bin/../lib/gcc/arm-none-eabi/5.4.1/../../../../arm-none-eabi/lib/armv6-m/libnosys.a(isatty.o)
                                 0x24 (size before relaxing)
 .stab          0x00000054       0x18 /home/neo/ERTS/ERTS/gcc-arm-none-eabi/bin/../lib/gcc/arm-none-eabi/5.4.1/../../../../arm-none-eabi/lib/armv6-m/libnosys.a(lseek.o)
                                 0x24 (size before relaxing)
 .stab          0x0000006c       0x18 /home/neo/ERTS/ERTS/gcc-arm-none-eabi/bin/../lib/gcc/arm-none-eabi/5.4.1/../../../../arm-none-eabi/lib/armv6-m/libnosys.a(read.o)
                                 0x24 (size before relaxing)

.stabstr        0x00000000      0x117
 .stabstr       0x00000000      0x117 /home/neo/ERTS/ERTS/gcc-arm-none-eabi/bin/../lib/gcc/arm-none-eabi/5.4.1/../../../../arm-none-eabi/lib/armv6-m/libnosys.a(close.o)
